/opt/esp-idf/tools/check_python_dependencies.py:12: UserWarning: pkg_resources is deprecated as an API. See https://setuptools.pypa.io/en/latest/pkg_resources.html. The pkg_resources package is slated for removal as early as 2025-11-30. Refrain from using this package or pin to Setuptools<81.
  import pkg_resources
Executing action: all (aliases: build)
Running cmake in directory /workspace/microros_esp32_app/build
Executing "cmake -G Ninja -DPYTHON_DEPS_CHECKED=1 -DPYTHON=/root/.espressif/python_env/idf5.1_py3.10_env/bin/python -DESP_PLATFORM=1 -DCCACHE_ENABLE=0 /workspace/microros_esp32_app"...
-- IDF_TARGET is not set, guessed 'esp32' from sdkconfig '/workspace/microros_esp32_app/sdkconfig'
-- Found Git: /usr/bin/git (found version "2.34.1") 
-- The C compiler identification is GNU 12.2.0
-- The CXX compiler identification is GNU 12.2.0
-- The ASM compiler identification is GNU
-- Found assembler: /root/.espressif/tools/xtensa-esp32-elf/esp-12.2.0_20230208/xtensa-esp32-elf/bin/xtensa-esp32-elf-gcc
-- Detecting C compiler ABI info
-- Detecting C compiler ABI info - done
-- Check for working C compiler: /root/.espressif/tools/xtensa-esp32-elf/esp-12.2.0_20230208/xtensa-esp32-elf/bin/xtensa-esp32-elf-gcc - skipped
-- Detecting C compile features
-- Detecting C compile features - done
-- Detecting CXX compiler ABI info
-- Detecting CXX compiler ABI info - done
-- Check for working CXX compiler: /root/.espressif/tools/xtensa-esp32-elf/esp-12.2.0_20230208/xtensa-esp32-elf/bin/xtensa-esp32-elf-g++ - skipped
-- Detecting CXX compile features
-- Detecting CXX compile features - done
-- Project is not inside a git repository, or git repository has no commits; will not use 'git describe' to determine PROJECT_VER.
-- Building ESP-IDF components for target esp32
-- Project sdkconfig file /workspace/microros_esp32_app/sdkconfig
Compiler supported targets: xtensa-esp32-elf

-- Looking for sys/types.h
-- Looking for sys/types.h - found
-- Looking for stdint.h
-- Looking for stdint.h - found
-- Looking for stddef.h
-- Looking for stddef.h - found
-- Check size of time_t
-- Check size of time_t - done
-- Found Python3: /root/.espressif/python_env/idf5.1_py3.10_env/bin/python (found version "3.10.12") found components: Interpreter 
-- Performing Test C_COMPILER_SUPPORTS_WFORMAT_SIGNEDNESS
-- Performing Test C_COMPILER_SUPPORTS_WFORMAT_SIGNEDNESS - Success
-- App "microros_esp32_app" version: 1
-- Adding linker script /workspace/microros_esp32_app/build/esp-idf/esp_system/ld/memory.ld
-- Adding linker script /opt/esp-idf/components/esp_system/ld/esp32/sections.ld.in
-- Adding linker script /opt/esp-idf/components/esp_rom/esp32/ld/esp32.rom.ld
-- Adding linker script /opt/esp-idf/components/esp_rom/esp32/ld/esp32.rom.api.ld
-- Adding linker script /opt/esp-idf/components/esp_rom/esp32/ld/esp32.rom.libgcc.ld
-- Adding linker script /opt/esp-idf/components/esp_rom/esp32/ld/esp32.rom.newlib-data.ld
-- Adding linker script /opt/esp-idf/components/esp_rom/esp32/ld/esp32.rom.syscalls.ld
-- Adding linker script /opt/esp-idf/components/esp_rom/esp32/ld/esp32.rom.newlib-funcs.ld
-- Adding linker script /opt/esp-idf/components/soc/esp32/ld/esp32.peripherals.ld
-- Components: app_trace app_update bootloader bootloader_support bt cmock console cxx driver efuse esp-tls esp_adc esp_app_format esp_coex esp_common esp_eth esp_event esp_gdbstub esp_hid esp_http_client esp_http_server esp_https_ota esp_https_server esp_hw_support esp_lcd esp_local_ctrl esp_mm esp_netif esp_netif_stack esp_partition esp_phy esp_pm esp_psram esp_ringbuf esp_rom esp_system esp_timer esp_wifi espcoredump esptool_py fatfs freertos hal heap http_parser idf_test ieee802154 json log lwip mbedtls mqtt newlib nvs_flash openthread partition_table perfmon protobuf-c protocomm pthread sdmmc soc spi_flash spiffs tcp_transport ulp unity usb vfs wear_levelling wifi_provisioning wpa_supplicant xtensa
-- Component paths: /opt/esp-idf/components/app_trace /opt/esp-idf/components/app_update /opt/esp-idf/components/bootloader /opt/esp-idf/components/bootloader_support /opt/esp-idf/components/bt /opt/esp-idf/components/cmock /opt/esp-idf/components/console /opt/esp-idf/components/cxx /opt/esp-idf/components/driver /opt/esp-idf/components/efuse /opt/esp-idf/components/esp-tls /opt/esp-idf/components/esp_adc /opt/esp-idf/components/esp_app_format /opt/esp-idf/components/esp_coex /opt/esp-idf/components/esp_common /opt/esp-idf/components/esp_eth /opt/esp-idf/components/esp_event /opt/esp-idf/components/esp_gdbstub /opt/esp-idf/components/esp_hid /opt/esp-idf/components/esp_http_client /opt/esp-idf/components/esp_http_server /opt/esp-idf/components/esp_https_ota /opt/esp-idf/components/esp_https_server /opt/esp-idf/components/esp_hw_support /opt/esp-idf/components/esp_lcd /opt/esp-idf/components/esp_local_ctrl /opt/esp-idf/components/esp_mm /opt/esp-idf/components/esp_netif /opt/esp-idf/components/esp_netif_stack /opt/esp-idf/components/esp_partition /opt/esp-idf/components/esp_phy /opt/esp-idf/components/esp_pm /opt/esp-idf/components/esp_psram /opt/esp-idf/components/esp_ringbuf /opt/esp-idf/components/esp_rom /opt/esp-idf/components/esp_system /opt/esp-idf/components/esp_timer /opt/esp-idf/components/esp_wifi /opt/esp-idf/components/espcoredump /opt/esp-idf/components/esptool_py /opt/esp-idf/components/fatfs /opt/esp-idf/components/freertos /opt/esp-idf/components/hal /opt/esp-idf/components/heap /opt/esp-idf/components/http_parser /opt/esp-idf/components/idf_test /opt/esp-idf/components/ieee802154 /opt/esp-idf/components/json /opt/esp-idf/components/log /opt/esp-idf/components/lwip /opt/esp-idf/components/mbedtls /opt/esp-idf/components/mqtt /opt/esp-idf/components/newlib /opt/esp-idf/components/nvs_flash /opt/esp-idf/components/openthread /opt/esp-idf/components/partition_table /opt/esp-idf/components/perfmon /opt/esp-idf/components/protobuf-c /opt/esp-idf/components/protocomm /opt/esp-idf/components/pthread /opt/esp-idf/components/sdmmc /opt/esp-idf/components/soc /opt/esp-idf/components/spi_flash /opt/esp-idf/components/spiffs /opt/esp-idf/components/tcp_transport /opt/esp-idf/components/ulp /opt/esp-idf/components/unity /opt/esp-idf/components/usb /opt/esp-idf/components/vfs /opt/esp-idf/components/wear_levelling /opt/esp-idf/components/wifi_provisioning /opt/esp-idf/components/wpa_supplicant /opt/esp-idf/components/xtensa
-- Configuring done
-- Generating done
-- Build files have been written to: /workspace/microros_esp32_app/build
Running ninja in directory /workspace/microros_esp32_app/build
Executing "ninja all"...
[1/882] Generating memory.ld linker script...
[2/882] Generating project_elf_src_esp32.c
[3/882] Building C object esp-idf/mbedtls/mbedtls/library/CMakeFiles/mbedcrypto.dir/aesce.c.obj
[4/882] Building C object esp-idf/mbedtls/mbedtls/library/CMakeFiles/mbedcrypto.dir/camellia.c.obj
[5/882] Building C object esp-idf/mbedtls/mbedtls/library/CMakeFiles/mbedcrypto.dir/aesni.c.obj
[6/882] Building C object esp-idf/mbedtls/mbedtls/library/CMakeFiles/mbedcrypto.dir/asn1write.c.obj
[7/882] Building C object esp-idf/mbedtls/mbedtls/library/CMakeFiles/mbedcrypto.dir/aes.c.obj
[8/882] Building C object esp-idf/mbedtls/mbedtls/library/CMakeFiles/mbedcrypto.dir/bignum_mod_raw.c.obj
[9/882] Building C object esp-idf/mbedtls/mbedtls/library/CMakeFiles/mbedcrypto.dir/asn1parse.c.obj
[10/882] Building C object esp-idf/mbedtls/mbedtls/library/CMakeFiles/mbedcrypto.dir/chacha20.c.obj
[11/882] Building C object esp-idf/mbedtls/mbedtls/library/CMakeFiles/mbedcrypto.dir/bignum_mod.c.obj
[12/882] Building C object esp-idf/mbedtls/mbedtls/library/CMakeFiles/mbedcrypto.dir/error.c.obj
[13/882] Building C object esp-idf/mbedtls/mbedtls/library/CMakeFiles/mbedcrypto.dir/chachapoly.c.obj
[14/882] Generating ../../partition_table/partition-table.bin
Partition table binary generated. Contents:
*******************************************************************************
# ESP-IDF Partition Table
# Name, Type, SubType, Offset, Size, Flags
nvs,data,nvs,0x9000,24K,
phy_init,data,phy,0xf000,4K,
factory,app,factory,0x10000,1M,
*******************************************************************************
[15/882] Building C object esp-idf/mbedtls/mbedtls/library/CMakeFiles/mbedcrypto.dir/base64.c.obj
[16/882] Building C object esp-idf/mbedtls/mbedtls/library/CMakeFiles/mbedcrypto.dir/des.c.obj
[17/882] Building C object esp-idf/mbedtls/mbedtls/library/CMakeFiles/mbedcrypto.dir/aria.c.obj
[18/882] Building C object esp-idf/mbedtls/mbedtls/library/CMakeFiles/mbedcrypto.dir/constant_time.c.obj
[19/882] Building C object esp-idf/mbedtls/mbedtls/library/CMakeFiles/mbedcrypto.dir/dhm.c.obj
[20/882] Building C object esp-idf/mbedtls/mbedtls/library/CMakeFiles/mbedcrypto.dir/ccm.c.obj
[21/882] Building C object esp-idf/mbedtls/mbedtls/library/CMakeFiles/mbedcrypto.dir/ecjpake.c.obj
[22/882] Building C object esp-idf/mbedtls/mbedtls/library/CMakeFiles/mbedcrypto.dir/cipher_wrap.c.obj
[23/882] Building C object esp-idf/mbedtls/mbedtls/library/CMakeFiles/mbedcrypto.dir/bignum_core.c.obj
[24/882] Building C object esp-idf/mbedtls/mbedtls/library/CMakeFiles/mbedcrypto.dir/hkdf.c.obj
[25/882] Building C object esp-idf/mbedtls/mbedtls/library/CMakeFiles/mbedcrypto.dir/cmac.c.obj
[26/882] Building C object esp-idf/mbedtls/mbedtls/library/CMakeFiles/mbedcrypto.dir/entropy_poll.c.obj
[27/882] Building C object esp-idf/mbedtls/mbedtls/library/CMakeFiles/mbedcrypto.dir/ecdh.c.obj
[28/882] Building C object esp-idf/mbedtls/mbedtls/library/CMakeFiles/mbedcrypto.dir/ctr_drbg.c.obj
[29/882] Building C object esp-idf/mbedtls/mbedtls/library/CMakeFiles/mbedcrypto.dir/ecdsa.c.obj
[30/882] Building C object esp-idf/mbedtls/mbedtls/library/CMakeFiles/mbedcrypto.dir/cipher.c.obj
[31/882] Building C object esp-idf/mbedtls/mbedtls/library/CMakeFiles/mbedcrypto.dir/gcm.c.obj
[32/882] Building C object esp-idf/mbedtls/mbedtls/library/CMakeFiles/mbedcrypto.dir/entropy.c.obj
[33/882] Building C object esp-idf/mbedtls/mbedtls/library/CMakeFiles/mbedcrypto.dir/memory_buffer_alloc.c.obj
[34/882] Building C object esp-idf/mbedtls/mbedtls/library/CMakeFiles/mbedcrypto.dir/hash_info.c.obj
[35/882] Building C object esp-idf/mbedtls/mbedtls/library/CMakeFiles/mbedcrypto.dir/bignum.c.obj
[36/882] Building C object esp-idf/mbedtls/mbedtls/library/CMakeFiles/mbedcrypto.dir/md5.c.obj
[37/882] Building C object esp-idf/mbedtls/mbedtls/library/CMakeFiles/mbedcrypto.dir/nist_kw.c.obj
[38/882] Building C object esp-idf/mbedtls/mbedtls/library/CMakeFiles/mbedcrypto.dir/padlock.c.obj
[39/882] Building C object esp-idf/mbedtls/mbedtls/library/CMakeFiles/mbedcrypto.dir/lms.c.obj
[40/882] Building C object esp-idf/mbedtls/mbedtls/library/CMakeFiles/mbedcrypto.dir/hmac_drbg.c.obj
[41/882] Building C object esp-idf/mbedtls/mbedtls/library/CMakeFiles/mbedcrypto.dir/platform.c.obj
[42/882] Building C object esp-idf/mbedtls/mbedtls/library/CMakeFiles/mbedcrypto.dir/oid.c.obj
[43/882] Building C object esp-idf/mbedtls/mbedtls/library/CMakeFiles/mbedcrypto.dir/lmots.c.obj
[44/882] Building C object esp-idf/mbedtls/mbedtls/library/CMakeFiles/mbedcrypto.dir/md.c.obj
[45/882] Building C object esp-idf/mbedtls/mbedtls/library/CMakeFiles/mbedcrypto.dir/platform_util.c.obj
[46/882] Building C object esp-idf/mbedtls/mbedtls/library/CMakeFiles/mbedcrypto.dir/poly1305.c.obj
[47/882] Building C object esp-idf/mbedtls/mbedtls/library/CMakeFiles/mbedcrypto.dir/pkcs5.c.obj
[48/882] Building C object esp-idf/mbedtls/mbedtls/library/CMakeFiles/mbedcrypto.dir/pk_wrap.c.obj
[49/882] Building C object esp-idf/mbedtls/mbedtls/library/CMakeFiles/mbedcrypto.dir/pkcs12.c.obj
[50/882] Building C object esp-idf/mbedtls/mbedtls/library/CMakeFiles/mbedcrypto.dir/psa_crypto_client.c.obj
[51/882] Building C object esp-idf/mbedtls/mbedtls/library/CMakeFiles/mbedcrypto.dir/pk.c.obj
[52/882] Building C object esp-idf/mbedtls/mbedtls/library/CMakeFiles/mbedcrypto.dir/pkwrite.c.obj
[53/882] Building C object esp-idf/mbedtls/mbedtls/library/CMakeFiles/mbedcrypto.dir/pem.c.obj
[54/882] Building C object esp-idf/mbedtls/mbedtls/library/CMakeFiles/mbedcrypto.dir/ecp.c.obj
[55/882] Building C object esp-idf/mbedtls/mbedtls/library/CMakeFiles/mbedcrypto.dir/psa_crypto_se.c.obj
[56/882] Building C object esp-idf/mbedtls/mbedtls/library/CMakeFiles/mbedcrypto.dir/psa_crypto_aead.c.obj
[57/882] Building C object esp-idf/mbedtls/mbedtls/library/CMakeFiles/mbedcrypto.dir/psa_crypto_pake.c.obj
[58/882] Building C object esp-idf/mbedtls/mbedtls/library/CMakeFiles/mbedcrypto.dir/psa_crypto_hash.c.obj
[59/882] Building C object esp-idf/mbedtls/mbedtls/library/CMakeFiles/mbedcrypto.dir/pkparse.c.obj
[60/882] Building C object esp-idf/mbedtls/mbedtls/library/CMakeFiles/mbedcrypto.dir/psa_crypto_cipher.c.obj
[61/882] Building C object esp-idf/mbedtls/mbedtls/library/CMakeFiles/mbedcrypto.dir/psa_crypto_mac.c.obj
[62/882] Building C object esp-idf/mbedtls/mbedtls/library/CMakeFiles/mbedcrypto.dir/psa_crypto_slot_management.c.obj
[63/882] Building C object esp-idf/mbedtls/mbedtls/library/CMakeFiles/mbedcrypto.dir/sha1.c.obj
[64/882] Building C object esp-idf/mbedtls/mbedtls/library/CMakeFiles/mbedcrypto.dir/psa_crypto_ecp.c.obj
[65/882] Building C object esp-idf/mbedtls/mbedtls/library/CMakeFiles/mbedcrypto.dir/ripemd160.c.obj
[66/882] Building C object esp-idf/mbedtls/mbedtls/library/CMakeFiles/mbedcrypto.dir/psa_crypto_rsa.c.obj
[67/882] Building C object esp-idf/mbedtls/mbedtls/library/CMakeFiles/mbedcrypto.dir/threading.c.obj
[68/882] Building C object esp-idf/mbedtls/mbedtls/library/CMakeFiles/mbedcrypto.dir/psa_its_file.c.obj
[69/882] Building C object esp-idf/mbedtls/mbedtls/library/CMakeFiles/mbedcrypto.dir/opt/esp-idf/components/mbedtls/port/esp_hardware.c.obj
[70/882] Building C object esp-idf/mbedtls/mbedtls/library/CMakeFiles/mbedcrypto.dir/psa_crypto_storage.c.obj
[71/882] Building C object esp-idf/mbedtls/mbedtls/library/CMakeFiles/mbedcrypto.dir/psa_util.c.obj
[72/882] Building C object esp-idf/mbedtls/mbedtls/library/CMakeFiles/mbedcrypto.dir/sha256.c.obj
[73/882] Building C object esp-idf/mbedtls/mbedtls/library/CMakeFiles/mbedcrypto.dir/ecp_curves.c.obj
[74/882] Building C object esp-idf/mbedtls/mbedtls/library/CMakeFiles/mbedcrypto.dir/psa_crypto_driver_wrappers.c.obj
[75/882] Building C object esp-idf/mbedtls/mbedtls/library/CMakeFiles/mbedcrypto.dir/timing.c.obj
[76/882] Building C object esp-idf/mbedtls/mbedtls/library/CMakeFiles/mbedcrypto.dir/rsa_alt_helpers.c.obj
[77/882] Building C object esp-idf/mbedtls/mbedtls/library/CMakeFiles/mbedcrypto.dir/version_features.c.obj
[78/882] Building C object esp-idf/mbedtls/mbedtls/library/CMakeFiles/mbedcrypto.dir/version.c.obj
[79/882] Building C object esp-idf/mbedtls/mbedtls/library/CMakeFiles/mbedcrypto.dir/sha512.c.obj
[80/882] Building C object esp-idf/mbedtls/mbedtls/library/CMakeFiles/mbedcrypto.dir/opt/esp-idf/components/mbedtls/port/esp_mem.c.obj
[81/882] Building C object esp-idf/mbedtls/mbedtls/library/CMakeFiles/mbedcrypto.dir/opt/esp-idf/components/mbedtls/port/esp_timing.c.obj
[82/882] Building C object esp-idf/mbedtls/mbedtls/library/CMakeFiles/mbedcrypto.dir/opt/esp-idf/components/mbedtls/port/sha/esp_sha.c.obj
[83/882] Building C object esp-idf/mbedtls/mbedtls/library/CMakeFiles/mbedcrypto.dir/opt/esp-idf/components/mbedtls/port/aes/esp_aes_common.c.obj
[84/882] Building C object esp-idf/mbedtls/mbedtls/library/CMakeFiles/mbedcrypto.dir/opt/esp-idf/components/mbedtls/port/aes/esp_aes_xts.c.obj
[85/882] Building C object esp-idf/mbedtls/mbedtls/library/CMakeFiles/mbedcrypto.dir/opt/esp-idf/components/mbedtls/port/sha/parallel_engine/sha.c.obj
[86/882] Building C object esp-idf/mbedtls/mbedtls/library/CMakeFiles/mbedcrypto.dir/opt/esp-idf/components/mbedtls/port/md/esp_md.c.obj
[87/882] Building C object esp-idf/mbedtls/mbedtls/library/CMakeFiles/mbedcrypto.dir/opt/esp-idf/components/mbedtls/port/sha/parallel_engine/esp_sha256.c.obj
[88/882] Building C object esp-idf/mbedtls/mbedtls/library/CMakeFiles/mbedcrypto.dir/opt/esp-idf/components/mbedtls/port/esp32/bignum.c.obj
[89/882] Building C object esp-idf/mbedtls/mbedtls/library/CMakeFiles/mbedcrypto.dir/opt/esp-idf/components/mbedtls/port/esp_bignum.c.obj
[90/882] Building C object esp-idf/mbedtls/mbedtls/library/CMakeFiles/mbedcrypto.dir/opt/esp-idf/components/mbedtls/port/aes/block/esp_aes.c.obj
[91/882] Building C object esp-idf/mbedtls/mbedtls/library/CMakeFiles/mbedtls.dir/debug.c.obj
[92/882] Building C object esp-idf/mbedtls/mbedtls/library/CMakeFiles/mbedcrypto.dir/opt/esp-idf/components/mbedtls/port/aes/esp_aes_gcm.c.obj
[93/882] Building C object esp-idf/mbedtls/mbedtls/library/CMakeFiles/mbedx509.dir/pkcs7.c.obj
[94/882] Building C object esp-idf/mbedtls/mbedtls/library/CMakeFiles/mbedx509.dir/x509_create.c.obj
[95/882] Building C object esp-idf/mbedtls/mbedtls/library/CMakeFiles/mbedtls.dir/mps_reader.c.obj
[96/882] Building C object esp-idf/mbedtls/mbedtls/library/CMakeFiles/mbedx509.dir/x509_crl.c.obj
[97/882] Building C object esp-idf/mbedtls/mbedtls/library/CMakeFiles/mbedtls.dir/ssl_debug_helpers_generated.c.obj
[98/882] Building C object esp-idf/mbedtls/mbedtls/library/CMakeFiles/mbedtls.dir/mps_trace.c.obj
[99/882] Building C object esp-idf/mbedtls/mbedtls/library/CMakeFiles/mbedcrypto.dir/opt/esp-idf/components/mbedtls/port/sha/parallel_engine/esp_sha1.c.obj
[100/882] Building C object esp-idf/mbedtls/mbedtls/library/CMakeFiles/mbedcrypto.dir/opt/esp-idf/components/mbedtls/port/sha/parallel_engine/esp_sha512.c.obj
[101/882] Building C object esp-idf/mbedtls/mbedtls/library/CMakeFiles/mbedcrypto.dir/rsa.c.obj
[102/882] Building C object esp-idf/mbedtls/mbedtls/library/CMakeFiles/mbedtls.dir/ssl_tls13_client.c.obj
[103/882] Building C object esp-idf/mbedtls/mbedtls/library/CMakeFiles/mbedx509.dir/x509_csr.c.obj
[104/882] Building C object esp-idf/mbedtls/mbedtls/library/CMakeFiles/mbedtls.dir/ssl_cache.c.obj
[105/882] Building C object esp-idf/mbedtls/mbedtls/library/CMakeFiles/mbedx509.dir/x509write_csr.c.obj
[106/882] Building C object esp-idf/mbedtls/mbedtls/library/CMakeFiles/mbedtls.dir/ssl_cookie.c.obj
[107/882] Building C object esp-idf/mbedtls/mbedtls/library/CMakeFiles/mbedtls.dir/ssl_ciphersuites.c.obj
[108/882] Building C object esp-idf/mbedtls/mbedtls/library/CMakeFiles/mbedx509.dir/x509write_crt.c.obj
[109/882] Building C object esp-idf/mbedtls/mbedtls/library/CMakeFiles/mbedtls.dir/ssl_tls13_server.c.obj
[110/882] Building C object esp-idf/mbedtls/mbedtls/library/CMakeFiles/mbedtls.dir/ssl_tls13_keys.c.obj
[111/882] Building C object esp-idf/mbedtls/mbedtls/library/CMakeFiles/mbedtls.dir/ssl_tls13_generic.c.obj
[112/882] Building C object esp-idf/mbedtls/mbedtls/library/CMakeFiles/mbedx509.dir/x509.c.obj
[113/882] Building C object esp-idf/mbedtls/mbedtls/library/CMakeFiles/mbedtls.dir/ssl_ticket.c.obj
[114/882] Building C object esp-idf/mbedtls/mbedtls/library/CMakeFiles/mbedtls.dir/ssl_client.c.obj
[115/882] Building C object esp-idf/mbedtls/mbedtls/library/CMakeFiles/mbedtls.dir/opt/esp-idf/components/mbedtls/port/mbedtls_debug.c.obj
[116/882] Building C object esp-idf/esp_app_format/CMakeFiles/__idf_esp_app_format.dir/esp_app_desc.c.obj
[117/882] Building C object esp-idf/bootloader_support/CMakeFiles/__idf_bootloader_support.dir/src/bootloader_random.c.obj
[118/882] Building C object esp-idf/bootloader_support/CMakeFiles/__idf_bootloader_support.dir/src/flash_encrypt.c.obj
[119/882] Building C object esp-idf/bootloader_support/CMakeFiles/__idf_bootloader_support.dir/src/bootloader_clock_init.c.obj
[120/882] Building C object esp-idf/bootloader_support/CMakeFiles/__idf_bootloader_support.dir/src/bootloader_mem.c.obj
[121/882] Building C object esp-idf/mbedtls/mbedtls/library/CMakeFiles/mbedx509.dir/x509_crt.c.obj
[122/882] Building C object esp-idf/bootloader_support/CMakeFiles/__idf_bootloader_support.dir/src/bootloader_common.c.obj
[123/882] Building C object esp-idf/mbedtls/mbedtls/library/CMakeFiles/mbedtls.dir/opt/esp-idf/components/mbedtls/port/net_sockets.c.obj
[124/882] Building C object esp-idf/bootloader_support/CMakeFiles/__idf_bootloader_support.dir/src/bootloader_random_esp32.c.obj
[125/882] Building C object esp-idf/bootloader_support/CMakeFiles/__idf_bootloader_support.dir/src/bootloader_efuse.c.obj
[126/882] Building C object esp-idf/bootloader_support/CMakeFiles/__idf_bootloader_support.dir/src/bootloader_common_loader.c.obj
[127/882] Building C object esp-idf/bootloader_support/CMakeFiles/__idf_bootloader_support.dir/src/secure_boot.c.obj
[128/882] Building C object esp-idf/mbedtls/mbedtls/library/CMakeFiles/mbedtls.dir/ssl_msg.c.obj
[129/882] Building C object esp-idf/bootloader_support/CMakeFiles/__idf_bootloader_support.dir/bootloader_flash/src/flash_qio_mode.c.obj
[130/882] Building C object esp-idf/bootloader_support/CMakeFiles/__idf_bootloader_support.dir/src/flash_partitions.c.obj
[131/882] Building C object esp-idf/mbedtls/mbedtls/library/CMakeFiles/mbedtls.dir/ssl_tls12_client.c.obj
[132/882] Building C object esp-idf/mbedtls/mbedtls/library/CMakeFiles/mbedcrypto.dir/psa_crypto.c.obj
[133/882] Building C object esp-idf/bootloader_support/CMakeFiles/__idf_bootloader_support.dir/bootloader_flash/src/bootloader_flash.c.obj
[134/882] Building C object esp-idf/bootloader_support/CMakeFiles/__idf_bootloader_support.dir/src/idf/bootloader_sha.c.obj
[135/882] Building C object esp-idf/app_update/CMakeFiles/__idf_app_update.dir/esp_ota_app_desc.c.obj
[136/882] Building C object esp-idf/mbedtls/mbedtls/library/CMakeFiles/mbedtls.dir/ssl_tls12_server.c.obj
[137/882] Building C object esp-idf/esp_mm/CMakeFiles/__idf_esp_mm.dir/port/esp32/ext_mem_layout.c.obj
[138/882] Building C object esp-idf/esp_partition/CMakeFiles/__idf_esp_partition.dir/partition_target.c.obj
[139/882] Building C object esp-idf/spi_flash/CMakeFiles/__idf_spi_flash.dir/flash_brownout_hook.c.obj
[140/882] Building C object esp-idf/bootloader_support/CMakeFiles/__idf_bootloader_support.dir/bootloader_flash/src/bootloader_flash_config_esp32.c.obj
[141/882] Creating directories for 'bootloader'
[142/882] Building C object esp-idf/esp_partition/CMakeFiles/__idf_esp_partition.dir/partition.c.obj
[143/882] Building C object esp-idf/esp_mm/CMakeFiles/__idf_esp_mm.dir/cache_esp32.c.obj
[144/882] Building C object esp-idf/spi_flash/CMakeFiles/__idf_spi_flash.dir/spi_flash_chip_drivers.c.obj
[145/882] Building C object esp-idf/esp_mm/CMakeFiles/__idf_esp_mm.dir/esp_cache.c.obj
[146/882] Building C object esp-idf/bootloader_support/CMakeFiles/__idf_bootloader_support.dir/src/esp_image_format.c.obj
[147/882] No download step for 'bootloader'
[148/882] Building C object esp-idf/spi_flash/CMakeFiles/__idf_spi_flash.dir/spi_flash_chip_issi.c.obj
[149/882] Building C object esp-idf/bootloader_support/CMakeFiles/__idf_bootloader_support.dir/src/bootloader_utility.c.obj
[150/882] No update step for 'bootloader'
[151/882] Building C object esp-idf/spi_flash/CMakeFiles/__idf_spi_flash.dir/spi_flash_chip_gd.c.obj
[152/882] Building C object esp-idf/spi_flash/CMakeFiles/__idf_spi_flash.dir/spi_flash_chip_th.c.obj
[153/882] Building C object esp-idf/spi_flash/CMakeFiles/__idf_spi_flash.dir/spi_flash_chip_winbond.c.obj
[154/882] Building C object esp-idf/app_update/CMakeFiles/__idf_app_update.dir/esp_ota_ops.c.obj
[155/882] Building C object esp-idf/spi_flash/CMakeFiles/__idf_spi_flash.dir/spi_flash_chip_boya.c.obj
[156/882] Building C object esp-idf/spi_flash/CMakeFiles/__idf_spi_flash.dir/spi_flash_chip_mxic.c.obj
[157/882] No patch step for 'bootloader'
[158/882] Building C object esp-idf/spi_flash/CMakeFiles/__idf_spi_flash.dir/spi_flash_chip_mxic_opi.c.obj
[159/882] Building C object esp-idf/spi_flash/CMakeFiles/__idf_spi_flash.dir/spi_flash_wrap.c.obj
[160/882] Building C object esp-idf/spi_flash/CMakeFiles/__idf_spi_flash.dir/memspi_host_driver.c.obj
[161/882] Building C object esp-idf/spi_flash/CMakeFiles/__idf_spi_flash.dir/spi_flash_chip_generic.c.obj
[162/882] Building C object esp-idf/esp_mm/CMakeFiles/__idf_esp_mm.dir/esp_mmu_map.c.obj
[163/882] Building C object esp-idf/spi_flash/CMakeFiles/__idf_spi_flash.dir/flash_ops.c.obj
[164/882] Building C object esp-idf/spi_flash/CMakeFiles/__idf_spi_flash.dir/cache_utils.c.obj
[165/882] Building C object esp-idf/mbedtls/mbedtls/library/CMakeFiles/mbedtls.dir/ssl_tls.c.obj
[166/882] Building C object esp-idf/spi_flash/CMakeFiles/__idf_spi_flash.dir/flash_mmap.c.obj
[167/882] Building C object esp-idf/spi_flash/CMakeFiles/__idf_spi_flash.dir/spi_flash_os_func_noos.c.obj
[168/882] Building C object esp-idf/spi_flash/CMakeFiles/__idf_spi_flash.dir/spi_flash_os_func_app.c.obj
[169/882] Building C object esp-idf/esp_system/CMakeFiles/__idf_esp_system.dir/esp_err.c.obj
[170/882] Building C object esp-idf/spi_flash/CMakeFiles/__idf_spi_flash.dir/esp_flash_spi_init.c.obj
[171/882] Building C object esp-idf/pthread/CMakeFiles/__idf_pthread.dir/pthread_semaphore.c.obj
[172/882] Building C object esp-idf/pthread/CMakeFiles/__idf_pthread.dir/pthread_local_storage.c.obj
[173/882] Building C object esp-idf/pthread/CMakeFiles/__idf_pthread.dir/pthread_cond_var.c.obj
[174/882] Building C object esp-idf/pthread/CMakeFiles/__idf_pthread.dir/pthread_rwlock.c.obj
[175/882] Building C object esp-idf/esp_system/CMakeFiles/__idf_esp_system.dir/crosscore_int.c.obj
[176/882] Building C object esp-idf/esp_system/CMakeFiles/__idf_esp_system.dir/esp_ipc.c.obj
[177/882] Building C object esp-idf/esp_system/CMakeFiles/__idf_esp_system.dir/stack_check.c.obj
[178/882] Building C object esp-idf/esp_system/CMakeFiles/__idf_esp_system.dir/freertos_hooks.c.obj
[179/882] Building C object esp-idf/esp_system/CMakeFiles/__idf_esp_system.dir/esp_system.c.obj
[180/882] Building C object esp-idf/pthread/CMakeFiles/__idf_pthread.dir/pthread.c.obj
[181/882] Building C object esp-idf/esp_system/CMakeFiles/__idf_esp_system.dir/system_time.c.obj
[182/882] Building C object esp-idf/esp_system/CMakeFiles/__idf_esp_system.dir/int_wdt.c.obj
[183/882] Building C object esp-idf/spi_flash/CMakeFiles/__idf_spi_flash.dir/esp_flash_api.c.obj
[184/882] Building C object esp-idf/esp_system/CMakeFiles/__idf_esp_system.dir/debug_stubs.c.obj
[185/882] Building C object esp-idf/esp_system/CMakeFiles/__idf_esp_system.dir/panic.c.obj
[186/882] Building C object esp-idf/esp_system/CMakeFiles/__idf_esp_system.dir/xt_wdt.c.obj
[187/882] Building C object esp-idf/esp_system/CMakeFiles/__idf_esp_system.dir/ubsan.c.obj
[188/882] Building ASM object esp-idf/esp_system/CMakeFiles/__idf_esp_system.dir/port/soc/esp32/highint_hdl.S.obj
[189/882] Building C object esp-idf/esp_system/CMakeFiles/__idf_esp_system.dir/task_wdt/task_wdt_impl_timergroup.c.obj
[190/882] Building C object esp-idf/esp_system/CMakeFiles/__idf_esp_system.dir/port/soc/esp32/reset_reason.c.obj
[191/882] Building C object esp-idf/esp_system/CMakeFiles/__idf_esp_system.dir/startup.c.obj
[192/882] Building C object esp-idf/esp_system/CMakeFiles/__idf_esp_system.dir/port/esp_system_chip.c.obj
[193/882] Building C object esp-idf/esp_system/CMakeFiles/__idf_esp_system.dir/port/soc/esp32/cache_err_int.c.obj
[194/882] Building ASM object esp-idf/esp_system/CMakeFiles/__idf_esp_system.dir/port/arch/xtensa/expression_with_stack_asm.S.obj
[195/882] Building ASM object esp-idf/esp_system/CMakeFiles/__idf_esp_system.dir/port/arch/xtensa/panic_handler_asm.S.obj
[196/882] Building C object esp-idf/esp_system/CMakeFiles/__idf_esp_system.dir/port/panic_handler.c.obj
[197/882] Building C object esp-idf/esp_system/CMakeFiles/__idf_esp_system.dir/port/brownout.c.obj
[198/882] Building ASM object esp-idf/esp_system/CMakeFiles/__idf_esp_system.dir/port/arch/xtensa/debug_helpers_asm.S.obj
[199/882] Building C object esp-idf/esp_system/CMakeFiles/__idf_esp_system.dir/port/cpu_start.c.obj
[200/882] Building C object esp-idf/esp_system/CMakeFiles/__idf_esp_system.dir/port/soc/esp32/system_internal.c.obj
[201/882] Building C object esp-idf/esp_system/CMakeFiles/__idf_esp_system.dir/port/arch/xtensa/debug_stubs.c.obj
[202/882] Building ASM object esp-idf/esp_system/CMakeFiles/__idf_esp_system.dir/port/arch/xtensa/esp_ipc_isr_handler.S.obj
[203/882] Building C object esp-idf/esp_system/CMakeFiles/__idf_esp_system.dir/port/arch/xtensa/panic_arch.c.obj
[204/882] Building ASM object esp-idf/esp_system/CMakeFiles/__idf_esp_system.dir/port/arch/xtensa/esp_ipc_isr_routines.S.obj
[205/882] Building C object esp-idf/esp_rom/CMakeFiles/__idf_esp_rom.dir/patches/esp_rom_crc.c.obj
[206/882] Building C object esp-idf/esp_system/CMakeFiles/__idf_esp_system.dir/port/arch/xtensa/expression_with_stack.c.obj
[207/882] Building C object esp-idf/esp_system/CMakeFiles/__idf_esp_system.dir/port/soc/esp32/clk.c.obj
[208/882] Building C object esp-idf/esp_rom/CMakeFiles/__idf_esp_rom.dir/patches/esp_rom_sys.c.obj
[209/882] Building C object esp-idf/esp_system/CMakeFiles/__idf_esp_system.dir/port/arch/xtensa/trax.c.obj
[210/882] Building C object esp-idf/esp_system/CMakeFiles/__idf_esp_system.dir/task_wdt/task_wdt.c.obj
[211/882] Building C object esp-idf/esp_system/CMakeFiles/__idf_esp_system.dir/port/arch/xtensa/debug_helpers.c.obj
[212/882] Building ASM object esp-idf/esp_rom/CMakeFiles/__idf_esp_rom.dir/patches/esp_rom_longjmp.S.obj
[213/882] Building C object esp-idf/esp_rom/CMakeFiles/__idf_esp_rom.dir/patches/esp_rom_efuse.c.obj
[214/882] Building C object esp-idf/esp_system/CMakeFiles/__idf_esp_system.dir/port/arch/xtensa/esp_ipc_isr.c.obj
[215/882] Building C object esp-idf/esp_rom/CMakeFiles/__idf_esp_rom.dir/patches/esp_rom_uart.c.obj
[216/882] Building C object esp-idf/hal/CMakeFiles/__idf_hal.dir/mpu_hal.c.obj
[217/882] Building C object esp-idf/hal/CMakeFiles/__idf_hal.dir/efuse_hal.c.obj
[218/882] Building C object esp-idf/esp_eth/CMakeFiles/__idf_esp_eth.dir/src/esp_eth_phy_dp83848.c.obj
[219/882] Building C object esp-idf/hal/CMakeFiles/__idf_hal.dir/esp32/efuse_hal.c.obj
[220/882] Building C object esp-idf/esp_eth/CMakeFiles/__idf_esp_eth.dir/src/esp_eth_netif_glue.c.obj
[221/882] Building C object esp-idf/hal/CMakeFiles/__idf_hal.dir/wdt_hal_iram.c.obj
[222/882] Building C object esp-idf/hal/CMakeFiles/__idf_hal.dir/uart_hal_iram.c.obj
[223/882] Building C object esp-idf/hal/CMakeFiles/__idf_hal.dir/rtc_io_hal.c.obj
[224/882] Building C object esp-idf/hal/CMakeFiles/__idf_hal.dir/adc_hal_common.c.obj
[225/882] Building C object esp-idf/hal/CMakeFiles/__idf_hal.dir/mmu_hal.c.obj
[226/882] Building C object esp-idf/hal/CMakeFiles/__idf_hal.dir/gpio_hal.c.obj
[227/882] Building C object esp-idf/esp_rom/CMakeFiles/__idf_esp_rom.dir/patches/esp_rom_spiflash.c.obj
[228/882] Building C object esp-idf/hal/CMakeFiles/__idf_hal.dir/uart_hal.c.obj
[229/882] Building C object esp-idf/hal/CMakeFiles/__idf_hal.dir/adc_oneshot_hal.c.obj
[230/882] Building C object esp-idf/hal/CMakeFiles/__idf_hal.dir/timer_hal.c.obj
[231/882] Building C object esp-idf/hal/CMakeFiles/__idf_hal.dir/timer_hal_iram.c.obj
[232/882] Building C object esp-idf/hal/CMakeFiles/__idf_hal.dir/spi_flash_encrypt_hal_iram.c.obj
[233/882] Building C object esp-idf/hal/CMakeFiles/__idf_hal.dir/spi_flash_hal.c.obj
[234/882] Building C object esp-idf/hal/CMakeFiles/__idf_hal.dir/ledc_hal.c.obj
[235/882] Building C object esp-idf/esp_eth/CMakeFiles/__idf_esp_eth.dir/src/esp_eth_phy_802_3.c.obj
[236/882] Building C object esp-idf/esp_eth/CMakeFiles/__idf_esp_eth.dir/src/esp_eth.c.obj
[237/882] Building C object esp-idf/hal/CMakeFiles/__idf_hal.dir/ledc_hal_iram.c.obj
[238/882] Building C object esp-idf/hal/CMakeFiles/__idf_hal.dir/esp32/clk_tree_hal.c.obj
[239/882] Building C object esp-idf/esp_eth/CMakeFiles/__idf_esp_eth.dir/src/esp_eth_mac_esp.c.obj
[240/882] Building C object esp-idf/hal/CMakeFiles/__idf_hal.dir/i2c_hal_iram.c.obj
[241/882] Building C object esp-idf/hal/CMakeFiles/__idf_hal.dir/spi_flash_hal_iram.c.obj
[242/882] Building C object esp-idf/hal/CMakeFiles/__idf_hal.dir/rmt_hal.c.obj
[243/882] Building C object esp-idf/hal/CMakeFiles/__idf_hal.dir/pcnt_hal.c.obj
[244/882] Building C object esp-idf/hal/CMakeFiles/__idf_hal.dir/i2c_hal.c.obj
[245/882] Building C object esp-idf/hal/CMakeFiles/__idf_hal.dir/sdm_hal.c.obj
[246/882] Building C object esp-idf/hal/CMakeFiles/__idf_hal.dir/mcpwm_hal.c.obj
[247/882] Building C object esp-idf/hal/CMakeFiles/__idf_hal.dir/twai_hal.c.obj
[248/882] Building C object esp-idf/hal/CMakeFiles/__idf_hal.dir/aes_hal.c.obj
[249/882] Building C object esp-idf/hal/CMakeFiles/__idf_hal.dir/twai_hal_iram.c.obj
[250/882] Building C object esp-idf/hal/CMakeFiles/__idf_hal.dir/sha_hal.c.obj
[251/882] Building C object esp-idf/hal/CMakeFiles/__idf_hal.dir/brownout_hal.c.obj
[252/882] Building C object esp-idf/hal/CMakeFiles/__idf_hal.dir/i2s_hal.c.obj
[253/882] Building C object esp-idf/hal/CMakeFiles/__idf_hal.dir/spi_hal.c.obj
[254/882] Building C object esp-idf/hal/CMakeFiles/__idf_hal.dir/spi_slave_hal.c.obj
[255/882] Building C object esp-idf/hal/CMakeFiles/__idf_hal.dir/esp32/touch_sensor_hal.c.obj
[256/882] Building C object esp-idf/hal/CMakeFiles/__idf_hal.dir/spi_slave_hal_iram.c.obj
[257/882] Building C object esp-idf/hal/CMakeFiles/__idf_hal.dir/touch_sensor_hal.c.obj
[258/882] Building C object esp-idf/hal/CMakeFiles/__idf_hal.dir/adc_hal.c.obj
[259/882] Building C object esp-idf/hal/CMakeFiles/__idf_hal.dir/esp32/gpio_hal_workaround.c.obj
[260/882] Building C object esp-idf/hal/CMakeFiles/__idf_hal.dir/spi_hal_iram.c.obj
[261/882] Building C object esp-idf/log/CMakeFiles/__idf_log.dir/log.c.obj
[262/882] Building C object esp-idf/soc/CMakeFiles/__idf_soc.dir/dport_access_common.c.obj
[263/882] Building C object esp-idf/heap/CMakeFiles/__idf_heap.dir/port/memory_layout_utils.c.obj
[264/882] Building C object esp-idf/heap/CMakeFiles/__idf_heap.dir/port/esp32/memory_layout.c.obj
[265/882] Building C object esp-idf/log/CMakeFiles/__idf_log.dir/log_freertos.c.obj
[266/882] Building C object esp-idf/log/CMakeFiles/__idf_log.dir/log_buffers.c.obj
[267/882] Building C object esp-idf/soc/CMakeFiles/__idf_soc.dir/esp32/interrupts.c.obj
[268/882] Building C object esp-idf/heap/CMakeFiles/__idf_heap.dir/heap_caps_init.c.obj
[269/882] Building C object esp-idf/soc/CMakeFiles/__idf_soc.dir/lldesc.c.obj
[270/882] Building C object esp-idf/soc/CMakeFiles/__idf_soc.dir/esp32/gpio_periph.c.obj
[271/882] Building C object esp-idf/soc/CMakeFiles/__idf_soc.dir/esp32/uart_periph.c.obj
[272/882] Building C object esp-idf/soc/CMakeFiles/__idf_soc.dir/esp32/dport_access.c.obj
[273/882] Building C object esp-idf/soc/CMakeFiles/__idf_soc.dir/esp32/sdm_periph.c.obj
[274/882] Building C object esp-idf/soc/CMakeFiles/__idf_soc.dir/esp32/ledc_periph.c.obj
[275/882] Building C object esp-idf/soc/CMakeFiles/__idf_soc.dir/esp32/pcnt_periph.c.obj
[276/882] Building C object esp-idf/hal/CMakeFiles/__idf_hal.dir/sdio_slave_hal.c.obj
[277/882] Building C object esp-idf/heap/CMakeFiles/__idf_heap.dir/multi_heap.c.obj
[278/882] Building C object esp-idf/soc/CMakeFiles/__idf_soc.dir/esp32/rmt_periph.c.obj
[279/882] Building C object esp-idf/soc/CMakeFiles/__idf_soc.dir/esp32/spi_periph.c.obj
[280/882] Building C object esp-idf/soc/CMakeFiles/__idf_soc.dir/esp32/adc_periph.c.obj
[281/882] Building C object esp-idf/hal/CMakeFiles/__idf_hal.dir/emac_hal.c.obj
[282/882] Building C object esp-idf/soc/CMakeFiles/__idf_soc.dir/esp32/i2s_periph.c.obj
[283/882] Building C object esp-idf/heap/CMakeFiles/__idf_heap.dir/heap_caps.c.obj
[284/882] Building C object esp-idf/soc/CMakeFiles/__idf_soc.dir/esp32/sdmmc_periph.c.obj
[285/882] Building C object esp-idf/soc/CMakeFiles/__idf_soc.dir/esp32/i2c_periph.c.obj
[286/882] Building C object esp-idf/soc/CMakeFiles/__idf_soc.dir/esp32/lcd_periph.c.obj
[287/882] Building C object esp-idf/soc/CMakeFiles/__idf_soc.dir/esp32/timer_periph.c.obj
[288/882] Building C object esp-idf/soc/CMakeFiles/__idf_soc.dir/esp32/touch_sensor_periph.c.obj
[289/882] Building C object esp-idf/soc/CMakeFiles/__idf_soc.dir/esp32/twai_periph.c.obj
[290/882] Building C object esp-idf/soc/CMakeFiles/__idf_soc.dir/esp32/dac_periph.c.obj
[291/882] Building C object esp-idf/soc/CMakeFiles/__idf_soc.dir/esp32/mcpwm_periph.c.obj
[292/882] Building C object esp-idf/soc/CMakeFiles/__idf_soc.dir/esp32/rtc_io_periph.c.obj
[293/882] Building C object esp-idf/esp_hw_support/CMakeFiles/__idf_esp_hw_support.dir/esp_memory_utils.c.obj
[294/882] Building C object esp-idf/soc/CMakeFiles/__idf_soc.dir/esp32/sdio_slave_periph.c.obj
[295/882] Building C object esp-idf/esp_hw_support/CMakeFiles/__idf_esp_hw_support.dir/port/esp32/cpu_region_protect.c.obj
[296/882] Building C object esp-idf/esp_hw_support/CMakeFiles/__idf_esp_hw_support.dir/hw_random.c.obj
[297/882] Building C object esp-idf/esp_hw_support/CMakeFiles/__idf_esp_hw_support.dir/cpu.c.obj
[298/882] Building C object esp-idf/esp_hw_support/CMakeFiles/__idf_esp_hw_support.dir/rtc_module.c.obj
[299/882] Building C object esp-idf/esp_hw_support/CMakeFiles/__idf_esp_hw_support.dir/esp_clk.c.obj
[300/882] Building C object esp-idf/esp_hw_support/CMakeFiles/__idf_esp_hw_support.dir/esp_gpio_reserve.c.obj
[301/882] Building C object esp-idf/esp_hw_support/CMakeFiles/__idf_esp_hw_support.dir/clk_ctrl_os.c.obj
[302/882] Building C object esp-idf/esp_hw_support/CMakeFiles/__idf_esp_hw_support.dir/sleep_modem.c.obj
[303/882] Building C object esp-idf/esp_hw_support/CMakeFiles/__idf_esp_hw_support.dir/mac_addr.c.obj
[304/882] Building C object esp-idf/esp_hw_support/CMakeFiles/__idf_esp_hw_support.dir/port/esp32/io_mux.c.obj
[305/882] Building C object esp-idf/esp_hw_support/CMakeFiles/__idf_esp_hw_support.dir/periph_ctrl.c.obj
[306/882] Building C object esp-idf/esp_hw_support/CMakeFiles/__idf_esp_hw_support.dir/regi2c_ctrl.c.obj
[307/882] Building C object esp-idf/esp_hw_support/CMakeFiles/__idf_esp_hw_support.dir/intr_alloc.c.obj
[308/882] Building C object esp-idf/esp_hw_support/CMakeFiles/__idf_esp_hw_support.dir/port/esp32/esp_clk_tree.c.obj
[309/882] Building C object esp-idf/esp_hw_support/CMakeFiles/__idf_esp_hw_support.dir/adc_share_hw_ctrl.c.obj
[310/882] Building C object esp-idf/heap/CMakeFiles/__idf_heap.dir/tlsf/tlsf.c.obj
[311/882] Building C object esp-idf/esp_hw_support/CMakeFiles/__idf_esp_hw_support.dir/port/esp_clk_tree_common.c.obj
[312/882] Building C object esp-idf/esp_hw_support/CMakeFiles/__idf_esp_hw_support.dir/rtc_wdt.c.obj
[313/882] Building C object esp-idf/esp_hw_support/CMakeFiles/__idf_esp_hw_support.dir/sleep_gpio.c.obj
[314/882] Building CXX object esp-idf/nvs_flash/CMakeFiles/__idf_nvs_flash.dir/src/nvs_api.cpp.obj
[315/882] Building C object esp-idf/esp_hw_support/CMakeFiles/__idf_esp_hw_support.dir/port/esp32/rtc_init.c.obj
[316/882] Building C object esp-idf/esp_hw_support/CMakeFiles/__idf_esp_hw_support.dir/sleep_modes.c.obj
[317/882] Building C object esp-idf/esp_hw_support/CMakeFiles/__idf_esp_hw_support.dir/sleep_wake_stub.c.obj
[318/882] Building C object esp-idf/esp_hw_support/CMakeFiles/__idf_esp_hw_support.dir/port/esp32/rtc_clk_init.c.obj
[319/882] Building C object esp-idf/esp_hw_support/CMakeFiles/__idf_esp_hw_support.dir/port/esp32/rtc_time.c.obj
[320/882] Building C object esp-idf/esp_hw_support/CMakeFiles/__idf_esp_hw_support.dir/port/esp32/chip_info.c.obj
[321/882] Building C object esp-idf/esp_hw_support/CMakeFiles/__idf_esp_hw_support.dir/port/esp32/cache_sram_mmu.c.obj
[322/882] Building C object esp-idf/esp_hw_support/CMakeFiles/__idf_esp_hw_support.dir/port/esp32/sar_periph_ctrl.c.obj
[323/882] Building C object esp-idf/freertos/CMakeFiles/__idf_freertos.dir/heap_idf.c.obj
[324/882] Building C object esp-idf/freertos/CMakeFiles/__idf_freertos.dir/esp_additions/idf_additions.c.obj
[325/882] Building C object esp-idf/esp_hw_support/CMakeFiles/__idf_esp_hw_support.dir/port/esp32/rtc_clk.c.obj
[326/882] Building C object esp-idf/esp_hw_support/CMakeFiles/__idf_esp_hw_support.dir/port/esp32/rtc_sleep.c.obj
[327/882] Building C object esp-idf/freertos/CMakeFiles/__idf_freertos.dir/FreeRTOS-Kernel/list.c.obj
[328/882] Building ASM object esp-idf/freertos/CMakeFiles/__idf_freertos.dir/FreeRTOS-Kernel/portable/xtensa/portasm.S.obj
[329/882] Building C object esp-idf/freertos/CMakeFiles/__idf_freertos.dir/esp_additions/freertos_v8_compat.c.obj
[330/882] Building ASM object esp-idf/freertos/CMakeFiles/__idf_freertos.dir/FreeRTOS-Kernel/portable/xtensa/xtensa_context.S.obj
[331/882] Building C object esp-idf/freertos/CMakeFiles/__idf_freertos.dir/FreeRTOS-Kernel/croutine.c.obj
[332/882] Building C object esp-idf/freertos/CMakeFiles/__idf_freertos.dir/FreeRTOS-Kernel/event_groups.c.obj
[333/882] Building C object esp-idf/freertos/CMakeFiles/__idf_freertos.dir/FreeRTOS-Kernel/portable/xtensa/port.c.obj
[334/882] Building C object esp-idf/freertos/CMakeFiles/__idf_freertos.dir/app_startup.c.obj
[335/882] Building C object esp-idf/freertos/CMakeFiles/__idf_freertos.dir/FreeRTOS-openocd.c.obj
[336/882] Building C object esp-idf/freertos/CMakeFiles/__idf_freertos.dir/port_common.c.obj
[337/882] Building C object esp-idf/freertos/CMakeFiles/__idf_freertos.dir/FreeRTOS-Kernel/portable/port_systick.c.obj
[338/882] Building C object esp-idf/freertos/CMakeFiles/__idf_freertos.dir/FreeRTOS-Kernel/timers.c.obj
[339/882] Building ASM object esp-idf/freertos/CMakeFiles/__idf_freertos.dir/FreeRTOS-Kernel/portable/xtensa/xtensa_vectors.S.obj
[340/882] Building C object esp-idf/freertos/CMakeFiles/__idf_freertos.dir/FreeRTOS-Kernel/stream_buffer.c.obj
[341/882] Building C object esp-idf/newlib/CMakeFiles/__idf_newlib.dir/assert.c.obj
[342/882] Building C object esp-idf/freertos/CMakeFiles/__idf_freertos.dir/FreeRTOS-Kernel/portable/xtensa/xtensa_init.c.obj
[343/882] Building C object esp-idf/newlib/CMakeFiles/__idf_newlib.dir/pthread.c.obj
[344/882] Building C object esp-idf/freertos/CMakeFiles/__idf_freertos.dir/FreeRTOS-Kernel/portable/xtensa/xtensa_overlay_os_hook.c.obj
[345/882] Building C object esp-idf/newlib/CMakeFiles/__idf_newlib.dir/heap.c.obj
[346/882] Building C object esp-idf/newlib/CMakeFiles/__idf_newlib.dir/poll.c.obj
[347/882] Building C object esp-idf/newlib/CMakeFiles/__idf_newlib.dir/random.c.obj
[348/882] Building C object esp-idf/newlib/CMakeFiles/__idf_newlib.dir/abort.c.obj
[349/882] Building C object esp-idf/newlib/CMakeFiles/__idf_newlib.dir/reent_init.c.obj
[350/882] Building C object esp-idf/newlib/CMakeFiles/__idf_newlib.dir/termios.c.obj
[351/882] Building C object esp-idf/newlib/CMakeFiles/__idf_newlib.dir/locks.c.obj
[352/882] Building C object esp-idf/newlib/CMakeFiles/__idf_newlib.dir/sysconf.c.obj
[353/882] Building C object esp-idf/newlib/CMakeFiles/__idf_newlib.dir/syscalls.c.obj
[354/882] Building C object esp-idf/newlib/CMakeFiles/__idf_newlib.dir/newlib_init.c.obj
[355/882] Building C object esp-idf/newlib/CMakeFiles/__idf_newlib.dir/realpath.c.obj
[356/882] Building C object esp-idf/freertos/CMakeFiles/__idf_freertos.dir/FreeRTOS-Kernel/queue.c.obj
[357/882] Building C object esp-idf/newlib/CMakeFiles/__idf_newlib.dir/port/esp_time_impl.c.obj
[358/882] Building C object esp-idf/newlib/CMakeFiles/__idf_newlib.dir/time.c.obj
[359/882] Building C object esp-idf/esp_timer/CMakeFiles/__idf_esp_timer.dir/src/system_time.c.obj
[360/882] Building CXX object esp-idf/cxx/CMakeFiles/__idf_cxx.dir/cxx_exception_stubs.cpp.obj
[361/882] Building C object esp-idf/newlib/CMakeFiles/__idf_newlib.dir/stdatomic.c.obj
[362/882] Building C object esp-idf/esp_event/CMakeFiles/__idf_esp_event.dir/default_event_loop.c.obj
[363/882] Building C object esp-idf/esp_timer/CMakeFiles/__idf_esp_timer.dir/src/ets_timer_legacy.c.obj
[364/882] Building C object esp-idf/esp_timer/CMakeFiles/__idf_esp_timer.dir/src/esp_timer_impl_lac.c.obj
[365/882] Building C object esp-idf/esp_common/CMakeFiles/__idf_esp_common.dir/src/esp_err_to_name.c.obj
[366/882] Building C object esp-idf/esp_event/CMakeFiles/__idf_esp_event.dir/esp_event_private.c.obj
[367/882] Building C object esp-idf/esp_timer/CMakeFiles/__idf_esp_timer.dir/src/esp_timer.c.obj
[368/882] Building C object esp-idf/freertos/CMakeFiles/__idf_freertos.dir/FreeRTOS-Kernel/tasks.c.obj
[369/882] Building C object esp-idf/esp_event/CMakeFiles/__idf_esp_event.dir/esp_event.c.obj
[370/882] Building C object esp-idf/esp_phy/CMakeFiles/__idf_esp_phy.dir/src/phy_override.c.obj
[371/882] Building CXX object esp-idf/cxx/CMakeFiles/__idf_cxx.dir/cxx_guards.cpp.obj
[372/882] Building C object esp-idf/esp_phy/CMakeFiles/__idf_esp_phy.dir/src/lib_printf.c.obj
[373/882] Building CXX object esp-idf/nvs_flash/CMakeFiles/__idf_nvs_flash.dir/src/nvs_partition.cpp.obj
[374/882] Building CXX object esp-idf/nvs_flash/CMakeFiles/__idf_nvs_flash.dir/src/nvs_partition_lookup.cpp.obj
[375/882] Building C object esp-idf/esp_phy/CMakeFiles/__idf_esp_phy.dir/src/btbb_init.c.obj
[376/882] Building C object esp-idf/esp_phy/CMakeFiles/__idf_esp_phy.dir/src/phy_init.c.obj
[377/882] Building C object esp-idf/vfs/CMakeFiles/__idf_vfs.dir/vfs_eventfd.c.obj
[378/882] Building C object esp-idf/vfs/CMakeFiles/__idf_vfs.dir/vfs_console.c.obj
[379/882] Building C object esp-idf/vfs/CMakeFiles/__idf_vfs.dir/vfs_semihost.c.obj
[380/882] Building C object esp-idf/vfs/CMakeFiles/__idf_vfs.dir/vfs.c.obj
[381/882] Building C object esp-idf/vfs/CMakeFiles/__idf_vfs.dir/vfs_uart.c.obj
[382/882] Building C object esp-idf/lwip/CMakeFiles/__idf_lwip.dir/apps/sntp/sntp.c.obj
[383/882] Building C object esp-idf/lwip/CMakeFiles/__idf_lwip.dir/lwip/src/api/err.c.obj
[384/882] Building CXX object esp-idf/nvs_flash/CMakeFiles/__idf_nvs_flash.dir/src/nvs_item_hash_list.cpp.obj
[385/882] Building C object esp-idf/lwip/CMakeFiles/__idf_lwip.dir/lwip/src/api/api_lib.c.obj
[386/882] Building CXX object esp-idf/nvs_flash/CMakeFiles/__idf_nvs_flash.dir/src/nvs_types.cpp.obj
[387/882] Building C object esp-idf/lwip/CMakeFiles/__idf_lwip.dir/lwip/src/api/if_api.c.obj
[388/882] Building CXX object esp-idf/nvs_flash/CMakeFiles/__idf_nvs_flash.dir/src/nvs_cxx_api.cpp.obj
[389/882] Building C object esp-idf/lwip/CMakeFiles/__idf_lwip.dir/lwip/src/api/netbuf.c.obj
[390/882] Building CXX object esp-idf/nvs_flash/CMakeFiles/__idf_nvs_flash.dir/src/nvs_handle_simple.cpp.obj
[391/882] Building C object esp-idf/lwip/CMakeFiles/__idf_lwip.dir/lwip/src/api/netdb.c.obj
[392/882] Building C object esp-idf/lwip/CMakeFiles/__idf_lwip.dir/lwip/src/api/netifapi.c.obj
[393/882] Building CXX object esp-idf/nvs_flash/CMakeFiles/__idf_nvs_flash.dir/src/nvs_handle_locked.cpp.obj
[394/882] Building CXX object esp-idf/nvs_flash/CMakeFiles/__idf_nvs_flash.dir/src/nvs_pagemanager.cpp.obj
[395/882] Building C object esp-idf/lwip/CMakeFiles/__idf_lwip.dir/lwip/src/api/api_msg.c.obj
[396/882] Building CXX object esp-idf/nvs_flash/CMakeFiles/__idf_nvs_flash.dir/src/nvs_page.cpp.obj
[397/882] Building C object esp-idf/lwip/CMakeFiles/__idf_lwip.dir/lwip/src/apps/sntp/sntp.c.obj
[398/882] Building C object esp-idf/lwip/CMakeFiles/__idf_lwip.dir/lwip/src/apps/netbiosns/netbiosns.c.obj
[399/882] Building CXX object esp-idf/nvs_flash/CMakeFiles/__idf_nvs_flash.dir/src/nvs_partition_manager.cpp.obj
[400/882] Building C object esp-idf/lwip/CMakeFiles/__idf_lwip.dir/lwip/src/api/tcpip.c.obj
[401/882] Building C object esp-idf/lwip/CMakeFiles/__idf_lwip.dir/lwip/src/core/def.c.obj
[402/882] Building C object esp-idf/lwip/CMakeFiles/__idf_lwip.dir/lwip/src/core/init.c.obj
[403/882] Building C object esp-idf/lwip/CMakeFiles/__idf_lwip.dir/lwip/src/core/inet_chksum.c.obj
[404/882] Building C object esp-idf/lwip/CMakeFiles/__idf_lwip.dir/lwip/src/core/ip.c.obj
[405/882] Building C object esp-idf/lwip/CMakeFiles/__idf_lwip.dir/lwip/src/core/mem.c.obj
[406/882] Building C object esp-idf/lwip/CMakeFiles/__idf_lwip.dir/lwip/src/core/memp.c.obj
[407/882] Building C object esp-idf/lwip/CMakeFiles/__idf_lwip.dir/lwip/src/core/sys.c.obj
[408/882] Building C object esp-idf/lwip/CMakeFiles/__idf_lwip.dir/lwip/src/core/stats.c.obj
[409/882] Building CXX object esp-idf/nvs_flash/CMakeFiles/__idf_nvs_flash.dir/src/nvs_storage.cpp.obj
[410/882] Building C object esp-idf/lwip/CMakeFiles/__idf_lwip.dir/lwip/src/core/raw.c.obj
[411/882] Building C object esp-idf/lwip/CMakeFiles/__idf_lwip.dir/lwip/src/core/dns.c.obj
[412/882] Building C object esp-idf/lwip/CMakeFiles/__idf_lwip.dir/lwip/src/core/timeouts.c.obj
[413/882] Building C object esp-idf/lwip/CMakeFiles/__idf_lwip.dir/lwip/src/core/ipv4/autoip.c.obj
[414/882] Building C object esp-idf/lwip/CMakeFiles/__idf_lwip.dir/lwip/src/core/pbuf.c.obj
[415/882] Building C object esp-idf/lwip/CMakeFiles/__idf_lwip.dir/lwip/src/core/netif.c.obj
[416/882] Building C object esp-idf/lwip/CMakeFiles/__idf_lwip.dir/lwip/src/core/ipv4/icmp.c.obj
[417/882] Building C object esp-idf/lwip/CMakeFiles/__idf_lwip.dir/lwip/src/core/ipv4/ip4_napt.c.obj
[418/882] Building C object esp-idf/lwip/CMakeFiles/__idf_lwip.dir/lwip/src/core/tcp_out.c.obj
[419/882] Building C object esp-idf/lwip/CMakeFiles/__idf_lwip.dir/lwip/src/core/udp.c.obj
[420/882] Building C object esp-idf/lwip/CMakeFiles/__idf_lwip.dir/lwip/src/core/ipv4/ip4_addr.c.obj
[421/882] Building C object esp-idf/lwip/CMakeFiles/__idf_lwip.dir/lwip/src/core/ipv4/etharp.c.obj
[422/882] Building C object esp-idf/lwip/CMakeFiles/__idf_lwip.dir/lwip/src/core/ipv4/ip4.c.obj
[423/882] Building C object esp-idf/lwip/CMakeFiles/__idf_lwip.dir/lwip/src/core/tcp.c.obj
[424/882] Building C object esp-idf/lwip/CMakeFiles/__idf_lwip.dir/lwip/src/core/ipv4/igmp.c.obj
[425/882] Building C object esp-idf/lwip/CMakeFiles/__idf_lwip.dir/lwip/src/core/ipv6/dhcp6.c.obj
[426/882] Building C object esp-idf/lwip/CMakeFiles/__idf_lwip.dir/lwip/src/core/tcp_in.c.obj
[427/882] Building C object esp-idf/lwip/CMakeFiles/__idf_lwip.dir/lwip/src/api/sockets.c.obj
[428/882] Building C object esp-idf/lwip/CMakeFiles/__idf_lwip.dir/lwip/src/core/ipv4/ip4_frag.c.obj
[429/882] Building C object esp-idf/lwip/CMakeFiles/__idf_lwip.dir/lwip/src/core/ipv6/ethip6.c.obj
[430/882] Building C object esp-idf/lwip/CMakeFiles/__idf_lwip.dir/lwip/src/core/ipv6/inet6.c.obj
[431/882] Building C object esp-idf/lwip/CMakeFiles/__idf_lwip.dir/lwip/src/core/ipv4/dhcp.c.obj
[432/882] Building C object esp-idf/lwip/CMakeFiles/__idf_lwip.dir/lwip/src/core/ipv6/ip6_frag.c.obj
[433/882] Building C object esp-idf/lwip/CMakeFiles/__idf_lwip.dir/lwip/src/core/ipv6/icmp6.c.obj
[434/882] Building C object esp-idf/lwip/CMakeFiles/__idf_lwip.dir/lwip/src/core/ipv6/ip6_addr.c.obj
[435/882] Building C object esp-idf/lwip/CMakeFiles/__idf_lwip.dir/lwip/src/netif/bridgeif.c.obj
[436/882] Building C object esp-idf/lwip/CMakeFiles/__idf_lwip.dir/lwip/src/netif/ppp/auth.c.obj
[437/882] Building C object esp-idf/lwip/CMakeFiles/__idf_lwip.dir/lwip/src/netif/ethernet.c.obj
[438/882] Building C object esp-idf/lwip/CMakeFiles/__idf_lwip.dir/lwip/src/netif/ppp/ccp.c.obj
[439/882] Building C object esp-idf/lwip/CMakeFiles/__idf_lwip.dir/lwip/src/netif/slipif.c.obj
[440/882] Building C object esp-idf/lwip/CMakeFiles/__idf_lwip.dir/lwip/src/netif/bridgeif_fdb.c.obj
[441/882] Building C object esp-idf/lwip/CMakeFiles/__idf_lwip.dir/lwip/src/netif/ppp/chap-md5.c.obj
[442/882] Building C object esp-idf/lwip/CMakeFiles/__idf_lwip.dir/lwip/src/core/ipv6/mld6.c.obj
[443/882] Building C object esp-idf/lwip/CMakeFiles/__idf_lwip.dir/lwip/src/netif/ppp/demand.c.obj
[444/882] Building C object esp-idf/lwip/CMakeFiles/__idf_lwip.dir/lwip/src/netif/ppp/chap-new.c.obj
[445/882] Building C object esp-idf/lwip/CMakeFiles/__idf_lwip.dir/lwip/src/netif/ppp/eap.c.obj
[446/882] Building C object esp-idf/lwip/CMakeFiles/__idf_lwip.dir/lwip/src/core/ipv6/ip6.c.obj
[447/882] Building C object esp-idf/lwip/CMakeFiles/__idf_lwip.dir/lwip/src/netif/ppp/chap_ms.c.obj
[448/882] Building C object esp-idf/lwip/CMakeFiles/__idf_lwip.dir/lwip/src/netif/ppp/eui64.c.obj
[449/882] Building C object esp-idf/lwip/CMakeFiles/__idf_lwip.dir/lwip/src/netif/ppp/ecp.c.obj
[450/882] Building C object esp-idf/lwip/CMakeFiles/__idf_lwip.dir/lwip/src/netif/ppp/ipv6cp.c.obj
[451/882] Building C object esp-idf/lwip/CMakeFiles/__idf_lwip.dir/lwip/src/netif/ppp/fsm.c.obj
[452/882] Building C object esp-idf/lwip/CMakeFiles/__idf_lwip.dir/lwip/src/netif/ppp/lcp.c.obj
[453/882] Building C object esp-idf/lwip/CMakeFiles/__idf_lwip.dir/lwip/src/netif/ppp/ipcp.c.obj
[454/882] Building C object esp-idf/lwip/CMakeFiles/__idf_lwip.dir/lwip/src/netif/ppp/magic.c.obj
[455/882] Building C object esp-idf/lwip/CMakeFiles/__idf_lwip.dir/lwip/src/netif/ppp/mppe.c.obj
[456/882] Building C object esp-idf/lwip/CMakeFiles/__idf_lwip.dir/lwip/src/netif/ppp/ppp.c.obj
[457/882] Building C object esp-idf/lwip/CMakeFiles/__idf_lwip.dir/lwip/src/netif/ppp/pppcrypt.c.obj
[458/882] Building C object esp-idf/lwip/CMakeFiles/__idf_lwip.dir/lwip/src/netif/ppp/pppos.c.obj
[459/882] Building C object esp-idf/lwip/CMakeFiles/__idf_lwip.dir/lwip/src/netif/ppp/pppol2tp.c.obj
[460/882] Building C object esp-idf/lwip/CMakeFiles/__idf_lwip.dir/lwip/src/netif/ppp/pppoe.c.obj
[461/882] Building C object esp-idf/lwip/CMakeFiles/__idf_lwip.dir/lwip/src/netif/ppp/multilink.c.obj
[462/882] Building C object esp-idf/lwip/CMakeFiles/__idf_lwip.dir/lwip/src/netif/ppp/upap.c.obj
[463/882] Building C object esp-idf/lwip/CMakeFiles/__idf_lwip.dir/lwip/src/netif/ppp/utils.c.obj
[464/882] Building C object esp-idf/lwip/CMakeFiles/__idf_lwip.dir/lwip/src/netif/ppp/vj.c.obj
[465/882] Building C object esp-idf/lwip/CMakeFiles/__idf_lwip.dir/lwip/src/netif/ppp/pppapi.c.obj
[466/882] Performing configure step for 'bootloader'
-- Found Git: /usr/bin/git (found version "2.34.1") 
-- The C compiler identification is GNU 12.2.0
-- The CXX compiler identification is GNU 12.2.0
-- The ASM compiler identification is GNU
-- Found assembler: /root/.espressif/tools/xtensa-esp32-elf/esp-12.2.0_20230208/xtensa-esp32-elf/bin/xtensa-esp32-elf-gcc
-- Detecting C compiler ABI info
-- Detecting C compiler ABI info - done
-- Check for working C compiler: /root/.espressif/tools/xtensa-esp32-elf/esp-12.2.0_20230208/xtensa-esp32-elf/bin/xtensa-esp32-elf-gcc - skipped
-- Detecting C compile features
-- Detecting C compile features - done
-- Detecting CXX compiler ABI info
-- Detecting CXX compiler ABI info - done
-- Check for working CXX compiler: /root/.espressif/tools/xtensa-esp32-elf/esp-12.2.0_20230208/xtensa-esp32-elf/bin/xtensa-esp32-elf-g++ - skipped
-- Detecting CXX compile features
-- Detecting CXX compile features - done
-- Building ESP-IDF components for target esp32
-- Project sdkconfig file /workspace/microros_esp32_app/sdkconfig
Compiler supported targets: xtensa-esp32-elf

-- Looking for sys/types.h
-- Looking for sys/types.h - found
-- Looking for stdint.h
-- Looking for stdint.h - found
-- Looking for stddef.h
-- Looking for stddef.h - found
-- Check size of time_t
-- Check size of time_t - done
-- Adding linker script /opt/esp-idf/components/soc/esp32/ld/esp32.peripherals.ld
-- App "bootloader" version: v5.1
-- Adding linker script /opt/esp-idf/components/esp_rom/esp32/ld/esp32.rom.ld
-- Adding linker script /opt/esp-idf/components/esp_rom/esp32/ld/esp32.rom.api.ld
-- Adding linker script /opt/esp-idf/components/esp_rom/esp32/ld/esp32.rom.libgcc.ld
-- Adding linker script /opt/esp-idf/components/esp_rom/esp32/ld/esp32.rom.newlib-funcs.ld
-- Adding linker script /opt/esp-idf/components/bootloader/subproject/main/ld/esp32/bootloader.ld
-- Adding linker script /opt/esp-idf/components/bootloader/subproject/main/ld/esp32/bootloader.rom.ld
-- Components: bootloader bootloader_support efuse esp_app_format esp_common esp_hw_support esp_rom esp_system esptool_py freertos hal log main micro-ecc newlib partition_table soc spi_flash xtensa
-- Component paths: /opt/esp-idf/components/bootloader /opt/esp-idf/components/bootloader_support /opt/esp-idf/components/efuse /opt/esp-idf/components/esp_app_format /opt/esp-idf/components/esp_common /opt/esp-idf/components/esp_hw_support /opt/esp-idf/components/esp_rom /opt/esp-idf/components/esp_system /opt/esp-idf/components/esptool_py /opt/esp-idf/components/freertos /opt/esp-idf/components/hal /opt/esp-idf/components/log /opt/esp-idf/components/bootloader/subproject/main /opt/esp-idf/components/bootloader/subproject/components/micro-ecc /opt/esp-idf/components/newlib /opt/esp-idf/components/partition_table /opt/esp-idf/components/soc /opt/esp-idf/components/spi_flash /opt/esp-idf/components/xtensa
-- Configuring done
-- Generating done
-- Build files have been written to: /workspace/microros_esp32_app/build/bootloader
[467/882] Building C object esp-idf/lwip/CMakeFiles/__idf_lwip.dir/port/hooks/tcp_isn_default.c.obj
[468/882] Building C object esp-idf/lwip/CMakeFiles/__idf_lwip.dir/port/sockets_ext.c.obj
[469/882] Building C object esp-idf/esp_netif/CMakeFiles/__idf_esp_netif.dir/esp_netif_handlers.c.obj
[470/882] Building C object esp-idf/esp_netif/CMakeFiles/__idf_esp_netif.dir/esp_netif_defaults.c.obj
[471/882] Building C object esp-idf/lwip/CMakeFiles/__idf_lwip.dir/lwip/src/core/ipv6/nd6.c.obj
[472/882] Building C object esp-idf/lwip/CMakeFiles/__idf_lwip.dir/port/hooks/lwip_default_hooks.c.obj
[473/882] Building C object esp-idf/esp_netif/CMakeFiles/__idf_esp_netif.dir/esp_netif_objects.c.obj
[474/882] Building C object esp-idf/lwip/CMakeFiles/__idf_lwip.dir/apps/ping/esp_ping.c.obj
[475/882] Building C object esp-idf/lwip/CMakeFiles/__idf_lwip.dir/port/esp32xx/vfs_lwip.c.obj
[476/882] Building C object esp-idf/lwip/CMakeFiles/__idf_lwip.dir/port/freertos/sys_arch.c.obj
[477/882] Building C object esp-idf/lwip/CMakeFiles/__idf_lwip.dir/apps/ping/ping.c.obj
[478/882] Building C object esp-idf/lwip/CMakeFiles/__idf_lwip.dir/port/debug/lwip_debug.c.obj
[479/882] Building C object esp-idf/esp_netif/CMakeFiles/__idf_esp_netif.dir/lwip/esp_netif_lwip_defaults.c.obj
[480/882] Building C object esp-idf/esp_netif/CMakeFiles/__idf_esp_netif.dir/lwip/netif/wlanif.c.obj
[481/882] Building C object esp-idf/lwip/CMakeFiles/__idf_lwip.dir/apps/ping/ping_sock.c.obj
[482/882] Building C object esp-idf/esp_netif/CMakeFiles/__idf_esp_netif.dir/lwip/netif/esp_pbuf_ref.c.obj
[483/882] Building C object esp-idf/esp_netif/CMakeFiles/__idf_esp_netif.dir/lwip/netif/ethernetif.c.obj
[484/882] Building C object esp-idf/wpa_supplicant/CMakeFiles/__idf_wpa_supplicant.dir/port/os_xtensa.c.obj
[485/882] Building C object esp-idf/lwip/CMakeFiles/__idf_lwip.dir/apps/dhcpserver/dhcpserver.c.obj
[486/882] Building C object esp-idf/esp_netif/CMakeFiles/__idf_esp_netif.dir/lwip/esp_netif_sntp.c.obj
[487/882] Building C object esp-idf/wpa_supplicant/CMakeFiles/__idf_wpa_supplicant.dir/src/ap/ap_config.c.obj
[488/882] Building C object esp-idf/wpa_supplicant/CMakeFiles/__idf_wpa_supplicant.dir/port/eloop.c.obj
[489/882] Building C object esp-idf/wpa_supplicant/CMakeFiles/__idf_wpa_supplicant.dir/src/ap/ieee802_1x.c.obj
[490/882] Building C object esp-idf/wpa_supplicant/CMakeFiles/__idf_wpa_supplicant.dir/src/ap/pmksa_cache_auth.c.obj
[491/882] Building C object esp-idf/wpa_supplicant/CMakeFiles/__idf_wpa_supplicant.dir/src/ap/sta_info.c.obj
[492/882] Building C object esp-idf/wpa_supplicant/CMakeFiles/__idf_wpa_supplicant.dir/src/ap/comeback_token.c.obj
[493/882] Building C object esp-idf/wpa_supplicant/CMakeFiles/__idf_wpa_supplicant.dir/src/utils/bitfield.c.obj
[494/882] Building C object esp-idf/wpa_supplicant/CMakeFiles/__idf_wpa_supplicant.dir/src/common/dragonfly.c.obj
[495/882] Building C object esp-idf/wpa_supplicant/CMakeFiles/__idf_wpa_supplicant.dir/src/crypto/aes-siv.c.obj
[496/882] Building C object esp-idf/wpa_supplicant/CMakeFiles/__idf_wpa_supplicant.dir/src/ap/wpa_auth_ie.c.obj
[497/882] Building C object esp-idf/wpa_supplicant/CMakeFiles/__idf_wpa_supplicant.dir/src/crypto/ccmp.c.obj
[498/882] Building C object esp-idf/wpa_supplicant/CMakeFiles/__idf_wpa_supplicant.dir/src/crypto/sha256-kdf.c.obj
[499/882] Building C object esp-idf/wpa_supplicant/CMakeFiles/__idf_wpa_supplicant.dir/src/ap/ieee802_11.c.obj
[500/882] Building C object esp-idf/wpa_supplicant/CMakeFiles/__idf_wpa_supplicant.dir/src/crypto/aes-gcm.c.obj
[501/882] Building C object esp-idf/wpa_supplicant/CMakeFiles/__idf_wpa_supplicant.dir/src/crypto/crypto_ops.c.obj
[502/882] Building C object esp-idf/wpa_supplicant/CMakeFiles/__idf_wpa_supplicant.dir/src/crypto/dh_groups.c.obj
[503/882] Building C object esp-idf/wpa_supplicant/CMakeFiles/__idf_wpa_supplicant.dir/src/crypto/dh_group5.c.obj
[504/882] Building C object esp-idf/wpa_supplicant/CMakeFiles/__idf_wpa_supplicant.dir/src/crypto/sha1-tlsprf.c.obj
[505/882] Building C object esp-idf/wpa_supplicant/CMakeFiles/__idf_wpa_supplicant.dir/src/crypto/sha256-tlsprf.c.obj
[506/882] Building C object esp-idf/wpa_supplicant/CMakeFiles/__idf_wpa_supplicant.dir/src/crypto/sha256-prf.c.obj
[507/882] Building C object esp-idf/wpa_supplicant/CMakeFiles/__idf_wpa_supplicant.dir/src/crypto/sha1-prf.c.obj
[508/882] Building C object esp-idf/wpa_supplicant/CMakeFiles/__idf_wpa_supplicant.dir/src/crypto/md4-internal.c.obj
[509/882] Building C object esp-idf/wpa_supplicant/CMakeFiles/__idf_wpa_supplicant.dir/src/crypto/sha384-tlsprf.c.obj
[510/882] Building C object esp-idf/wpa_supplicant/CMakeFiles/__idf_wpa_supplicant.dir/src/crypto/sha384-prf.c.obj
[511/882] Building C object esp-idf/wpa_supplicant/CMakeFiles/__idf_wpa_supplicant.dir/src/crypto/sha1-tprf.c.obj
[512/882] Building C object esp-idf/wpa_supplicant/CMakeFiles/__idf_wpa_supplicant.dir/src/eap_common/eap_wsc_common.c.obj
[513/882] Building C object esp-idf/wpa_supplicant/CMakeFiles/__idf_wpa_supplicant.dir/src/common/wpa_common.c.obj
[514/882] Building C object esp-idf/esp_netif/CMakeFiles/__idf_esp_netif.dir/lwip/esp_netif_lwip.c.obj
[515/882] Building C object esp-idf/wpa_supplicant/CMakeFiles/__idf_wpa_supplicant.dir/src/crypto/ms_funcs.c.obj
[516/882] Building C object esp-idf/wpa_supplicant/CMakeFiles/__idf_wpa_supplicant.dir/src/eap_peer/chap.c.obj
[517/882] Building C object esp-idf/wpa_supplicant/CMakeFiles/__idf_wpa_supplicant.dir/src/eap_peer/eap_common.c.obj
[518/882] Building C object esp-idf/wpa_supplicant/CMakeFiles/__idf_wpa_supplicant.dir/src/eap_peer/eap_peap_common.c.obj
[519/882] Building C object esp-idf/wpa_supplicant/CMakeFiles/__idf_wpa_supplicant.dir/src/eap_peer/eap_tls.c.obj
[520/882] Building C object esp-idf/wpa_supplicant/CMakeFiles/__idf_wpa_supplicant.dir/src/common/ieee802_11_common.c.obj
[521/882] Building C object esp-idf/wpa_supplicant/CMakeFiles/__idf_wpa_supplicant.dir/src/ap/wpa_auth.c.obj
[522/882] Building C object esp-idf/wpa_supplicant/CMakeFiles/__idf_wpa_supplicant.dir/src/eap_peer/mschapv2.c.obj
[523/882] Building C object esp-idf/wpa_supplicant/CMakeFiles/__idf_wpa_supplicant.dir/src/eap_peer/eap_fast_common.c.obj
[524/882] Building C object esp-idf/wpa_supplicant/CMakeFiles/__idf_wpa_supplicant.dir/src/eap_peer/eap.c.obj
[525/882] Building C object esp-idf/wpa_supplicant/CMakeFiles/__idf_wpa_supplicant.dir/src/eap_peer/eap_mschapv2.c.obj
[526/882] Building C object esp-idf/wpa_supplicant/CMakeFiles/__idf_wpa_supplicant.dir/src/common/sae.c.obj
[527/882] Building C object esp-idf/wpa_supplicant/CMakeFiles/__idf_wpa_supplicant.dir/src/eap_peer/eap_tls_common.c.obj
[528/882] Building C object esp-idf/wpa_supplicant/CMakeFiles/__idf_wpa_supplicant.dir/src/rsn_supp/pmksa_cache.c.obj
[529/882] Building C object esp-idf/wpa_supplicant/CMakeFiles/__idf_wpa_supplicant.dir/src/eap_peer/eap_peap.c.obj
[530/882] Building C object esp-idf/wpa_supplicant/CMakeFiles/__idf_wpa_supplicant.dir/src/utils/ext_password.c.obj
[531/882] Building C object esp-idf/wpa_supplicant/CMakeFiles/__idf_wpa_supplicant.dir/src/utils/base64.c.obj
[532/882] Building C object esp-idf/wpa_supplicant/CMakeFiles/__idf_wpa_supplicant.dir/src/eap_peer/eap_ttls.c.obj
[533/882] Building C object esp-idf/wpa_supplicant/CMakeFiles/__idf_wpa_supplicant.dir/src/utils/uuid.c.obj
[534/882] Building C object esp-idf/wpa_supplicant/CMakeFiles/__idf_wpa_supplicant.dir/src/eap_peer/eap_fast_pac.c.obj
[535/882] Building C object esp-idf/wpa_supplicant/CMakeFiles/__idf_wpa_supplicant.dir/src/utils/wpa_debug.c.obj
[536/882] Building C object esp-idf/wpa_supplicant/CMakeFiles/__idf_wpa_supplicant.dir/src/rsn_supp/wpa_ie.c.obj
[537/882] Building C object esp-idf/wpa_supplicant/CMakeFiles/__idf_wpa_supplicant.dir/src/utils/wpabuf.c.obj
[538/882] Building C object esp-idf/wpa_supplicant/CMakeFiles/__idf_wpa_supplicant.dir/src/utils/common.c.obj
[539/882] Building C object esp-idf/wpa_supplicant/CMakeFiles/__idf_wpa_supplicant.dir/src/utils/json.c.obj
[540/882] Building C object esp-idf/wpa_supplicant/CMakeFiles/__idf_wpa_supplicant.dir/src/wps/wps.c.obj
[541/882] Building C object esp-idf/wpa_supplicant/CMakeFiles/__idf_wpa_supplicant.dir/src/wps/wps_attr_parse.c.obj
[542/882] Building C object esp-idf/wpa_supplicant/CMakeFiles/__idf_wpa_supplicant.dir/src/wps/wps_attr_process.c.obj
[543/882] Building C object esp-idf/wpa_supplicant/CMakeFiles/__idf_wpa_supplicant.dir/src/common/scan.c.obj
[544/882] Building C object esp-idf/wpa_supplicant/CMakeFiles/__idf_wpa_supplicant.dir/src/wps/wps_attr_build.c.obj
[545/882] Building C object esp-idf/wpa_supplicant/CMakeFiles/__idf_wpa_supplicant.dir/src/eap_peer/eap_fast.c.obj
[546/882] Building C object esp-idf/wpa_supplicant/CMakeFiles/__idf_wpa_supplicant.dir/src/wps/wps_common.c.obj
[547/882] Building C object esp-idf/wpa_supplicant/CMakeFiles/__idf_wpa_supplicant.dir/src/common/sae_pk.c.obj
[548/882] Building C object esp-idf/wpa_supplicant/CMakeFiles/__idf_wpa_supplicant.dir/src/wps/wps_dev_attr.c.obj
[549/882] Building C object esp-idf/wpa_supplicant/CMakeFiles/__idf_wpa_supplicant.dir/esp_supplicant/src/esp_wpas_glue.c.obj
[550/882] Building C object esp-idf/wpa_supplicant/CMakeFiles/__idf_wpa_supplicant.dir/src/common/bss.c.obj
[551/882] Building C object esp-idf/wpa_supplicant/CMakeFiles/__idf_wpa_supplicant.dir/src/rsn_supp/wpa.c.obj
[552/882] Building C object esp-idf/wpa_supplicant/CMakeFiles/__idf_wpa_supplicant.dir/esp_supplicant/src/esp_scan.c.obj
[553/882] Building C object esp-idf/wpa_supplicant/CMakeFiles/__idf_wpa_supplicant.dir/esp_supplicant/src/esp_common.c.obj
[554/882] Building C object esp-idf/wpa_supplicant/CMakeFiles/__idf_wpa_supplicant.dir/esp_supplicant/src/esp_owe.c.obj
[555/882] Building C object esp-idf/wpa_supplicant/CMakeFiles/__idf_wpa_supplicant.dir/esp_supplicant/src/esp_wpa_main.c.obj
[556/882] Building C object esp-idf/wpa_supplicant/CMakeFiles/__idf_wpa_supplicant.dir/src/wps/wps_enrollee.c.obj
[557/882] Building C object esp-idf/wpa_supplicant/CMakeFiles/__idf_wpa_supplicant.dir/esp_supplicant/src/esp_hostap.c.obj
[558/882] Building C object esp-idf/wpa_supplicant/CMakeFiles/__idf_wpa_supplicant.dir/esp_supplicant/src/esp_wpa3.c.obj
[559/882] Building C object esp-idf/wpa_supplicant/CMakeFiles/__idf_wpa_supplicant.dir/esp_supplicant/src/crypto/crypto_mbedtls-bignum.c.obj
[560/882] Building C object esp-idf/wpa_supplicant/CMakeFiles/__idf_wpa_supplicant.dir/src/crypto/rc4.c.obj
[561/882] Building C object esp-idf/wpa_supplicant/CMakeFiles/__idf_wpa_supplicant.dir/esp_supplicant/src/crypto/tls_mbedtls.c.obj
[562/882] Building C object esp-idf/wpa_supplicant/CMakeFiles/__idf_wpa_supplicant.dir/esp_supplicant/src/esp_wpa2.c.obj
[563/882] Building C object esp-idf/wpa_supplicant/CMakeFiles/__idf_wpa_supplicant.dir/esp_supplicant/src/crypto/crypto_mbedtls.c.obj
[564/882] Building C object esp-idf/wpa_supplicant/CMakeFiles/__idf_wpa_supplicant.dir/src/crypto/des-internal.c.obj
[565/882] Building C object esp-idf/wpa_supplicant/CMakeFiles/__idf_wpa_supplicant.dir/src/crypto/aes-omac1.c.obj
[566/882] Building C object esp-idf/wpa_supplicant/CMakeFiles/__idf_wpa_supplicant.dir/esp_supplicant/src/crypto/crypto_mbedtls-rsa.c.obj
[567/882] Building C object esp-idf/wpa_supplicant/CMakeFiles/__idf_wpa_supplicant.dir/src/crypto/aes-unwrap.c.obj
[568/882] Building C object esp-idf/esp_wifi/CMakeFiles/__idf_esp_wifi.dir/src/mesh_event.c.obj
[569/882] Building C object esp-idf/wpa_supplicant/CMakeFiles/__idf_wpa_supplicant.dir/src/crypto/aes-ccm.c.obj
[570/882] Building C object esp-idf/wpa_supplicant/CMakeFiles/__idf_wpa_supplicant.dir/src/crypto/aes-wrap.c.obj
[571/882] Performing build step for 'bootloader'
[1/103] Generating project_elf_src_esp32.c
[2/103] Building C object esp-idf/xtensa/CMakeFiles/__idf_xtensa.dir/eri.c.obj
[3/103] Building C object esp-idf/soc/CMakeFiles/__idf_soc.dir/dport_access_common.c.obj
[4/103] Building C object esp-idf/xtensa/CMakeFiles/__idf_xtensa.dir/xt_trax.c.obj
[5/103] Building C object esp-idf/soc/CMakeFiles/__idf_soc.dir/esp32/gpio_periph.c.obj
[6/103] Building C object esp-idf/soc/CMakeFiles/__idf_soc.dir/esp32/uart_periph.c.obj
[7/103] Building C object CMakeFiles/bootloader.elf.dir/project_elf_src_esp32.c.obj
[8/103] Building C object esp-idf/soc/CMakeFiles/__idf_soc.dir/esp32/dport_access.c.obj
[9/103] Building C object esp-idf/soc/CMakeFiles/__idf_soc.dir/esp32/pcnt_periph.c.obj
[10/103] Building C object esp-idf/soc/CMakeFiles/__idf_soc.dir/esp32/interrupts.c.obj
[11/103] Building C object esp-idf/soc/CMakeFiles/__idf_soc.dir/esp32/adc_periph.c.obj
[12/103] Building C object esp-idf/soc/CMakeFiles/__idf_soc.dir/esp32/sdm_periph.c.obj
[13/103] Building C object esp-idf/soc/CMakeFiles/__idf_soc.dir/lldesc.c.obj
[14/103] Building C object esp-idf/soc/CMakeFiles/__idf_soc.dir/esp32/ledc_periph.c.obj
[15/103] Building C object esp-idf/soc/CMakeFiles/__idf_soc.dir/esp32/rmt_periph.c.obj
[16/103] Building C object esp-idf/soc/CMakeFiles/__idf_soc.dir/esp32/spi_periph.c.obj
[17/103] Building C object esp-idf/soc/CMakeFiles/__idf_soc.dir/esp32/sdmmc_periph.c.obj
[18/103] Building C object esp-idf/soc/CMakeFiles/__idf_soc.dir/esp32/i2s_periph.c.obj
[19/103] Building C object esp-idf/soc/CMakeFiles/__idf_soc.dir/esp32/lcd_periph.c.obj
[20/103] Building C object esp-idf/soc/CMakeFiles/__idf_soc.dir/esp32/i2c_periph.c.obj
[21/103] Building C object esp-idf/soc/CMakeFiles/__idf_soc.dir/esp32/timer_periph.c.obj
[22/103] Building C object esp-idf/soc/CMakeFiles/__idf_soc.dir/esp32/mcpwm_periph.c.obj
[23/103] Building C object esp-idf/soc/CMakeFiles/__idf_soc.dir/esp32/dac_periph.c.obj
[24/103] Building C object esp-idf/soc/CMakeFiles/__idf_soc.dir/esp32/twai_periph.c.obj
[25/103] Building C object esp-idf/soc/CMakeFiles/__idf_soc.dir/esp32/sdio_slave_periph.c.obj
[26/103] Building C object esp-idf/soc/CMakeFiles/__idf_soc.dir/esp32/rtc_io_periph.c.obj
[27/103] Building C object esp-idf/soc/CMakeFiles/__idf_soc.dir/esp32/touch_sensor_periph.c.obj
[28/103] Building C object esp-idf/hal/CMakeFiles/__idf_hal.dir/efuse_hal.c.obj
[29/103] Building C object esp-idf/hal/CMakeFiles/__idf_hal.dir/mpu_hal.c.obj
[30/103] Building C object esp-idf/bootloader_support/CMakeFiles/__idf_bootloader_support.dir/src/bootloader_random.c.obj
[31/103] Building C object esp-idf/bootloader_support/CMakeFiles/__idf_bootloader_support.dir/src/bootloader_mem.c.obj
[32/103] Building C object esp-idf/spi_flash/CMakeFiles/__idf_spi_flash.dir/spi_flash_wrap.c.obj
[33/103] Building C object esp-idf/esp_app_format/CMakeFiles/__idf_esp_app_format.dir/esp_app_desc.c.obj
[34/103] Building C object esp-idf/bootloader_support/CMakeFiles/__idf_bootloader_support.dir/src/bootloader_efuse.c.obj
[35/103] Building C object esp-idf/hal/CMakeFiles/__idf_hal.dir/esp32/efuse_hal.c.obj
[36/103] Building C object esp-idf/bootloader_support/CMakeFiles/__idf_bootloader_support.dir/src/secure_boot.c.obj
[37/103] Building C object esp-idf/bootloader_support/CMakeFiles/__idf_bootloader_support.dir/src/bootloader_common_loader.c.obj
[38/103] Building C object esp-idf/bootloader_support/CMakeFiles/__idf_bootloader_support.dir/src/bootloader_random_esp32.c.obj
[39/103] Building C object esp-idf/bootloader_support/CMakeFiles/__idf_bootloader_support.dir/src/bootloader_clock_init.c.obj
[40/103] Building C object esp-idf/hal/CMakeFiles/__idf_hal.dir/wdt_hal_iram.c.obj
[41/103] Building C object esp-idf/bootloader_support/CMakeFiles/__idf_bootloader_support.dir/src/bootloader_common.c.obj
[42/103] Building C object esp-idf/bootloader_support/CMakeFiles/__idf_bootloader_support.dir/src/flash_encrypt.c.obj
[43/103] Building C object esp-idf/bootloader_support/CMakeFiles/__idf_bootloader_support.dir/src/bootloader_console_loader.c.obj
[44/103] Building C object esp-idf/bootloader_support/CMakeFiles/__idf_bootloader_support.dir/src/esp32/bootloader_soc.c.obj
[45/103] Building C object esp-idf/bootloader_support/CMakeFiles/__idf_bootloader_support.dir/bootloader_flash/src/flash_qio_mode.c.obj
[46/103] Building C object esp-idf/bootloader_support/CMakeFiles/__idf_bootloader_support.dir/src/flash_partitions.c.obj
[47/103] Building C object esp-idf/bootloader_support/CMakeFiles/__idf_bootloader_support.dir/src/esp32/bootloader_sha.c.obj
[48/103] Building C object esp-idf/bootloader_support/CMakeFiles/__idf_bootloader_support.dir/src/bootloader_clock_loader.c.obj
[49/103] Building C object esp-idf/hal/CMakeFiles/__idf_hal.dir/mmu_hal.c.obj
[50/103] Building C object esp-idf/bootloader_support/CMakeFiles/__idf_bootloader_support.dir/src/bootloader_panic.c.obj
[51/103] Building C object esp-idf/bootloader_support/CMakeFiles/__idf_bootloader_support.dir/src/bootloader_console.c.obj
[52/103] Building C object esp-idf/efuse/CMakeFiles/__idf_efuse.dir/esp32/esp_efuse_fields.c.obj
[53/103] Building C object esp-idf/efuse/CMakeFiles/__idf_efuse.dir/esp32/esp_efuse_table.c.obj
[54/103] Building C object esp-idf/efuse/CMakeFiles/__idf_efuse.dir/src/esp_efuse_fields.c.obj
[55/103] Building C object esp-idf/bootloader_support/CMakeFiles/__idf_bootloader_support.dir/bootloader_flash/src/bootloader_flash_config_esp32.c.obj
[56/103] Building C object esp-idf/bootloader_support/CMakeFiles/__idf_bootloader_support.dir/src/bootloader_utility.c.obj
[57/103] Building C object esp-idf/esp_system/CMakeFiles/__idf_esp_system.dir/esp_err.c.obj
[58/103] Building C object esp-idf/bootloader_support/CMakeFiles/__idf_bootloader_support.dir/src/bootloader_init.c.obj
[59/103] Building C object esp-idf/esp_hw_support/CMakeFiles/__idf_esp_hw_support.dir/esp_memory_utils.c.obj
[60/103] Building C object esp-idf/bootloader_support/CMakeFiles/__idf_bootloader_support.dir/src/esp32/bootloader_esp32.c.obj
[61/103] Building C object esp-idf/esp_hw_support/CMakeFiles/__idf_esp_hw_support.dir/port/esp32/cpu_region_protect.c.obj
[62/103] Building C object esp-idf/efuse/CMakeFiles/__idf_efuse.dir/src/esp_efuse_utility.c.obj
[63/103] Building C object esp-idf/bootloader_support/CMakeFiles/__idf_bootloader_support.dir/bootloader_flash/src/bootloader_flash.c.obj
[64/103] Building C object esp-idf/efuse/CMakeFiles/__idf_efuse.dir/src/esp_efuse_api.c.obj
[65/103] Building C object esp-idf/esp_hw_support/CMakeFiles/__idf_esp_hw_support.dir/port/esp32/chip_info.c.obj
[66/103] Building C object esp-idf/esp_rom/CMakeFiles/__idf_esp_rom.dir/patches/esp_rom_crc.c.obj
[67/103] Building C object esp-idf/efuse/CMakeFiles/__idf_efuse.dir/src/efuse_controller/keys/without_key_purposes/three_key_blocks/esp_efuse_api_key.c.obj
[68/103] Building C object esp-idf/esp_hw_support/CMakeFiles/__idf_esp_hw_support.dir/cpu.c.obj
[69/103] Building C object esp-idf/efuse/CMakeFiles/__idf_efuse.dir/esp32/esp_efuse_utility.c.obj
[70/103] Building C object esp-idf/esp_hw_support/CMakeFiles/__idf_esp_hw_support.dir/port/esp32/rtc_init.c.obj
[71/103] Building C object esp-idf/esp_rom/CMakeFiles/__idf_esp_rom.dir/patches/esp_rom_sys.c.obj
[72/103] Building ASM object esp-idf/esp_rom/CMakeFiles/__idf_esp_rom.dir/patches/esp_rom_longjmp.S.obj
[73/103] Building C object esp-idf/esp_common/CMakeFiles/__idf_esp_common.dir/src/esp_err_to_name.c.obj
[74/103] Building C object esp-idf/bootloader_support/CMakeFiles/__idf_bootloader_support.dir/src/esp_image_format.c.obj
[75/103] Building C object esp-idf/esp_rom/CMakeFiles/__idf_esp_rom.dir/patches/esp_rom_efuse.c.obj
[76/103] Building C object esp-idf/log/CMakeFiles/__idf_log.dir/log_noos.c.obj
[77/103] Building C object esp-idf/esp_hw_support/CMakeFiles/__idf_esp_hw_support.dir/port/esp32/rtc_sleep.c.obj
[78/103] Building C object esp-idf/main/CMakeFiles/__idf_main.dir/bootloader_start.c.obj
[79/103] Building C object esp-idf/esp_hw_support/CMakeFiles/__idf_esp_hw_support.dir/port/esp32/rtc_time.c.obj
[80/103] Building C object esp-idf/esp_rom/CMakeFiles/__idf_esp_rom.dir/patches/esp_rom_uart.c.obj
[81/103] Building C object esp-idf/log/CMakeFiles/__idf_log.dir/log_buffers.c.obj
[82/103] Building C object esp-idf/log/CMakeFiles/__idf_log.dir/log.c.obj
[83/103] Building C object esp-idf/esp_hw_support/CMakeFiles/__idf_esp_hw_support.dir/port/esp32/rtc_clk_init.c.obj
[84/103] Linking C static library esp-idf/log/liblog.a
[85/103] Building C object esp-idf/esp_hw_support/CMakeFiles/__idf_esp_hw_support.dir/port/esp32/rtc_clk.c.obj
[86/103] Building C object esp-idf/esp_rom/CMakeFiles/__idf_esp_rom.dir/patches/esp_rom_spiflash.c.obj
[87/103] Linking C static library esp-idf/esp_rom/libesp_rom.a
[88/103] Linking C static library esp-idf/esp_common/libesp_common.a
[89/103] Linking C static library esp-idf/esp_hw_support/libesp_hw_support.a
[90/103] Building C object esp-idf/micro-ecc/CMakeFiles/__idf_micro-ecc.dir/uECC_verify_antifault.c.obj
[91/103] Linking C static library esp-idf/esp_system/libesp_system.a
[92/103] Linking C static library esp-idf/efuse/libefuse.a
[93/103] Linking C static library esp-idf/bootloader_support/libbootloader_support.a
[94/103] Linking C static library esp-idf/esp_app_format/libesp_app_format.a
[95/103] Linking C static library esp-idf/spi_flash/libspi_flash.a
[96/103] Linking C static library esp-idf/hal/libhal.a
[97/103] Linking C static library esp-idf/micro-ecc/libmicro-ecc.a
[98/103] Linking C static library esp-idf/soc/libsoc.a
[99/103] Linking C static library esp-idf/xtensa/libxtensa.a
[100/103] Linking C static library esp-idf/main/libmain.a
[101/103] Linking C executable bootloader.elf
[102/103] Generating binary image from built executable
esptool.py v4.10.0
Creating esp32 image...
Merged 1 ELF section
Successfully created esp32 image.
Generated /workspace/microros_esp32_app/build/bootloader/bootloader.bin
[103/103] cd /workspace/microros_esp32_app/build/bootloader/esp-idf/esptool_py && /root/.espressif/python_env/idf5.1_py3.10_env/bin/python /opt/esp-idf/components/partition_table/check_sizes.py --offset 0x8000 bootloader 0x1000 /workspace/microros_esp32_app/build/bootloader/bootloader.bin
Bootloader binary size 0x6800 bytes. 0x800 bytes (7%) free.
[572/882] Building C object esp-idf/esp_wifi/CMakeFiles/__idf_esp_wifi.dir/src/smartconfig.c.obj
[573/882] Building C object esp-idf/esp_coex/CMakeFiles/__idf_esp_coex.dir/esp32/esp_coex_adapter.c.obj
[574/882] Building C object esp-idf/esp_wifi/CMakeFiles/__idf_esp_wifi.dir/src/wifi_default_ap.c.obj
[575/882] Building C object esp-idf/wpa_supplicant/CMakeFiles/__idf_wpa_supplicant.dir/esp_supplicant/src/crypto/crypto_mbedtls-ec.c.obj
[576/882] Building C object esp-idf/wpa_supplicant/CMakeFiles/__idf_wpa_supplicant.dir/esp_supplicant/src/esp_wps.c.obj
[577/882] No install step for 'bootloader'
[578/882] Building C object esp-idf/esp-tls/CMakeFiles/__idf_esp-tls.dir/esp-tls-crypto/esp_tls_crypto.c.obj
[579/882] Building C object esp-idf/esp_wifi/CMakeFiles/__idf_esp_wifi.dir/src/wifi_netif.c.obj
[580/882] Building C object esp-idf/esp_adc/CMakeFiles/__idf_esp_adc.dir/adc_cali_curve_fitting.c.obj
[581/882] Building C object esp-idf/esp_adc/CMakeFiles/__idf_esp_adc.dir/adc_cali.c.obj
[582/882] Building C object esp-idf/esp_wifi/CMakeFiles/__idf_esp_wifi.dir/src/wifi_init.c.obj
[583/882] Completed 'bootloader'
[584/882] Building C object esp-idf/esp_wifi/CMakeFiles/__idf_esp_wifi.dir/esp32/esp_adapter.c.obj
[585/882] Building C object esp-idf/esp_wifi/CMakeFiles/__idf_esp_wifi.dir/src/smartconfig_ack.c.obj
[586/882] Building C object esp-idf/esp_wifi/CMakeFiles/__idf_esp_wifi.dir/src/wifi_default.c.obj
[587/882] Building C object esp-idf/esp-tls/CMakeFiles/__idf_esp-tls.dir/esp_tls_error_capture.c.obj
[588/882] Building C object esp-idf/esp_adc/CMakeFiles/__idf_esp_adc.dir/deprecated/esp_adc_cal_common_legacy.c.obj
[589/882] Building C object esp-idf/esp_adc/CMakeFiles/__idf_esp_adc.dir/adc_common.c.obj
[590/882] Building C object esp-idf/esp_eth/CMakeFiles/__idf_esp_eth.dir/src/esp_eth_phy_ip101.c.obj
[591/882] Building C object esp-idf/esp_adc/CMakeFiles/__idf_esp_adc.dir/esp32/adc_cali_line_fitting.c.obj
[592/882] Building C object esp-idf/esp_adc/CMakeFiles/__idf_esp_adc.dir/deprecated/esp32/esp_adc_cal_legacy.c.obj
[593/882] Building C object esp-idf/esp_adc/CMakeFiles/__idf_esp_adc.dir/adc_oneshot.c.obj
[594/882] Building C object esp-idf/esp_eth/CMakeFiles/__idf_esp_eth.dir/src/esp_eth_phy_lan87xx.c.obj
[595/882] Building ASM object esp-idf/esp_gdbstub/CMakeFiles/__idf_esp_gdbstub.dir/src/port/xtensa/xt_debugexception.S.obj
[596/882] Building ASM object esp-idf/esp_gdbstub/CMakeFiles/__idf_esp_gdbstub.dir/src/port/xtensa/gdbstub-entry.S.obj
[597/882] Building C object esp-idf/esp_gdbstub/CMakeFiles/__idf_esp_gdbstub.dir/src/gdbstub_transport.c.obj
[598/882] Building C object esp-idf/esp_eth/CMakeFiles/__idf_esp_eth.dir/src/esp_eth_phy_rtl8201.c.obj
[599/882] Building C object esp-idf/esp_eth/CMakeFiles/__idf_esp_eth.dir/src/esp_eth_phy_ksz80xx.c.obj
[600/882] Building C object esp-idf/esp_gdbstub/CMakeFiles/__idf_esp_gdbstub.dir/src/packet.c.obj
[601/882] Building C object esp-idf/esp-tls/CMakeFiles/__idf_esp-tls.dir/esp_tls_mbedtls.c.obj
[602/882] Building C object esp-idf/esp_gdbstub/CMakeFiles/__idf_esp_gdbstub.dir/src/port/xtensa/gdbstub_xtensa.c.obj
[603/882] Building C object esp-idf/esp_adc/CMakeFiles/__idf_esp_adc.dir/adc_continuous.c.obj
[604/882] Building C object esp-idf/esp_gdbstub/CMakeFiles/__idf_esp_gdbstub.dir/src/gdbstub.c.obj
[605/882] Building C object esp-idf/esp-tls/CMakeFiles/__idf_esp-tls.dir/esp_tls.c.obj
[606/882] Building C object esp-idf/esp_http_client/CMakeFiles/__idf_esp_http_client.dir/lib/http_header.c.obj
[607/882] Building C object esp-idf/tcp_transport/CMakeFiles/__idf_tcp_transport.dir/transport_internal.c.obj
[608/882] Building C object esp-idf/esp_http_client/CMakeFiles/__idf_esp_http_client.dir/lib/http_utils.c.obj
[609/882] Building C object esp-idf/esp_http_client/CMakeFiles/__idf_esp_http_client.dir/lib/http_auth.c.obj
[610/882] Building C object esp-idf/tcp_transport/CMakeFiles/__idf_tcp_transport.dir/transport.c.obj
[611/882] Building C object esp-idf/tcp_transport/CMakeFiles/__idf_tcp_transport.dir/transport_socks_proxy.c.obj
[612/882] Building C object esp-idf/tcp_transport/CMakeFiles/__idf_tcp_transport.dir/transport_ssl.c.obj
[613/882] Building C object esp-idf/esp_http_server/CMakeFiles/__idf_esp_http_server.dir/src/httpd_main.c.obj
[614/882] Building C object esp-idf/esp_http_server/CMakeFiles/__idf_esp_http_server.dir/src/httpd_sess.c.obj
[615/882] Building C object esp-idf/esp_http_server/CMakeFiles/__idf_esp_http_server.dir/src/httpd_parse.c.obj
[616/882] Building C object esp-idf/esp_http_server/CMakeFiles/__idf_esp_http_server.dir/src/httpd_ws.c.obj
[617/882] Building C object esp-idf/esp_http_server/CMakeFiles/__idf_esp_http_server.dir/src/util/ctrl_sock.c.obj
[618/882] Building C object esp-idf/esp_http_server/CMakeFiles/__idf_esp_http_server.dir/src/httpd_uri.c.obj
[619/882] Building C object esp-idf/esp_http_server/CMakeFiles/__idf_esp_http_server.dir/src/httpd_txrx.c.obj
[620/882] Building C object esp-idf/tcp_transport/CMakeFiles/__idf_tcp_transport.dir/transport_ws.c.obj
[621/882] Building C object esp-idf/http_parser/CMakeFiles/__idf_http_parser.dir/http_parser.c.obj
[622/882] Building C object esp-idf/esp_https_ota/CMakeFiles/__idf_esp_https_ota.dir/src/esp_https_ota.c.obj
[623/882] Linking C static library esp-idf/esp_https_ota/libesp_https_ota.a
[624/882] Building C object esp-idf/esp_http_client/CMakeFiles/__idf_esp_http_client.dir/esp_http_client.c.obj
[625/882] Linking C static library esp-idf/esp_http_server/libesp_http_server.a
[626/882] Linking C static library esp-idf/esp_http_client/libesp_http_client.a
[627/882] Linking C static library esp-idf/tcp_transport/libtcp_transport.a
[628/882] Linking C static library esp-idf/esp_gdbstub/libesp_gdbstub.a
[629/882] Linking C static library esp-idf/esp_eth/libesp_eth.a
[630/882] Linking C static library esp-idf/esp_adc/libesp_adc.a
[631/882] Linking C static library esp-idf/esp-tls/libesp-tls.a
[632/882] Linking C static library esp-idf/http_parser/libhttp_parser.a
[633/882] Linking C static library esp-idf/esp_wifi/libesp_wifi.a
[634/882] Linking C static library esp-idf/esp_coex/libesp_coex.a
[635/882] Linking C static library esp-idf/wpa_supplicant/libwpa_supplicant.a
[636/882] Linking C static library esp-idf/esp_netif/libesp_netif.a
[637/882] Linking C static library esp-idf/lwip/liblwip.a
[638/882] Linking C static library esp-idf/vfs/libvfs.a
[639/882] Linking C static library esp-idf/esp_phy/libesp_phy.a
[640/882] Linking C static library esp-idf/nvs_flash/libnvs_flash.a
[641/882] Linking C static library esp-idf/esp_event/libesp_event.a
[642/882] Linking C static library esp-idf/esp_timer/libesp_timer.a
[643/882] Linking C static library esp-idf/esp_common/libesp_common.a
[644/882] Linking C static library esp-idf/cxx/libcxx.a
[645/882] Linking C static library esp-idf/newlib/libnewlib.a
[646/882] Linking C static library esp-idf/freertos/libfreertos.a
[647/882] Linking C static library esp-idf/esp_hw_support/libesp_hw_support.a
[648/882] Linking C static library esp-idf/soc/libsoc.a
[649/882] Linking C static library esp-idf/heap/libheap.a
[650/882] Linking C static library esp-idf/log/liblog.a
[651/882] Linking C static library esp-idf/hal/libhal.a
[652/882] Linking C static library esp-idf/esp_rom/libesp_rom.a
[653/882] Linking C static library esp-idf/esp_system/libesp_system.a
[654/882] Linking C static library esp-idf/pthread/libpthread.a
[655/882] Linking C static library esp-idf/spi_flash/libspi_flash.a
[656/882] Linking C static library esp-idf/esp_mm/libesp_mm.a
[657/882] Linking C static library esp-idf/app_update/libapp_update.a
[658/882] Linking C static library esp-idf/esp_partition/libesp_partition.a
[659/882] Linking C static library esp-idf/bootloader_support/libbootloader_support.a
[660/882] Linking C static library esp-idf/esp_app_format/libesp_app_format.a
[661/882] Linking CXX static library esp-idf/mbedtls/mbedtls/library/libmbedtls.a
[662/882] Linking CXX static library esp-idf/mbedtls/mbedtls/library/libmbedx509.a
[663/882] Linking CXX static library esp-idf/mbedtls/mbedtls/library/libmbedcrypto.a
[664/882] Generating x509_crt_bundle
[665/882] Generating ../../x509_crt_bundle.S
[666/882] Building ASM object esp-idf/xtensa/CMakeFiles/__idf_xtensa.dir/xtensa_intr_asm.S.obj
[667/882] Building C object esp-idf/xtensa/CMakeFiles/__idf_xtensa.dir/eri.c.obj
[668/882] Building C object esp-idf/xtensa/CMakeFiles/__idf_xtensa.dir/xt_trax.c.obj
[669/882] Building C object esp-idf/efuse/CMakeFiles/__idf_efuse.dir/esp32/esp_efuse_table.c.obj
[670/882] Building C object esp-idf/driver/CMakeFiles/__idf_driver.dir/gpio/gpio_glitch_filter_ops.c.obj
[671/882] Building C object esp-idf/efuse/CMakeFiles/__idf_efuse.dir/esp32/esp_efuse_fields.c.obj
[672/882] Building C object esp-idf/xtensa/CMakeFiles/__idf_xtensa.dir/xtensa_intr.c.obj
[673/882] Building C object esp-idf/efuse/CMakeFiles/__idf_efuse.dir/src/esp_efuse_fields.c.obj
[674/882] Building C object esp-idf/efuse/CMakeFiles/__idf_efuse.dir/src/efuse_controller/keys/without_key_purposes/three_key_blocks/esp_efuse_api_key.c.obj
[675/882] Building C object esp-idf/efuse/CMakeFiles/__idf_efuse.dir/esp32/esp_efuse_utility.c.obj
[676/882] Building C object esp-idf/efuse/CMakeFiles/__idf_efuse.dir/src/esp_efuse_api.c.obj
[677/882] Building C object esp-idf/efuse/CMakeFiles/__idf_efuse.dir/src/esp_efuse_utility.c.obj
[678/882] Building C object esp-idf/driver/CMakeFiles/__idf_driver.dir/spi/spi_bus_lock.c.obj
[679/882] Building C object esp-idf/driver/CMakeFiles/__idf_driver.dir/dac/dac_oneshot.c.obj
[680/882] Building C object esp-idf/driver/CMakeFiles/__idf_driver.dir/deprecated/adc_dma_legacy.c.obj
[681/882] Building C object esp-idf/driver/CMakeFiles/__idf_driver.dir/dac/dac_cosine.c.obj
[682/882] Building C object esp-idf/driver/CMakeFiles/__idf_driver.dir/gpio/rtc_io.c.obj
[683/882] Building C object esp-idf/driver/CMakeFiles/__idf_driver.dir/dac/esp32/dac_dma.c.obj
[684/882] Building C object esp-idf/driver/CMakeFiles/__idf_driver.dir/deprecated/dac_common_legacy.c.obj
[685/882] Building C object esp-idf/driver/CMakeFiles/__idf_driver.dir/deprecated/esp32/dac_legacy.c.obj
[686/882] Building C object esp-idf/driver/CMakeFiles/__idf_driver.dir/dac/dac_common.c.obj
[687/882] Building C object esp-idf/esp_ringbuf/CMakeFiles/__idf_esp_ringbuf.dir/ringbuf.c.obj
[688/882] Building C object esp-idf/driver/CMakeFiles/__idf_driver.dir/gptimer/gptimer_priv.c.obj
[689/882] Building C object esp-idf/driver/CMakeFiles/__idf_driver.dir/deprecated/adc_legacy.c.obj
[690/882] Building C object esp-idf/driver/CMakeFiles/__idf_driver.dir/dac/dac_continuous.c.obj
[691/882] Building C object esp-idf/driver/CMakeFiles/__idf_driver.dir/i2s/i2s_std.c.obj
[692/882] Building C object esp-idf/driver/CMakeFiles/__idf_driver.dir/mcpwm/mcpwm_cmpr.c.obj
[693/882] Building C object esp-idf/driver/CMakeFiles/__idf_driver.dir/mcpwm/mcpwm_com.c.obj
[694/882] Building C object esp-idf/driver/CMakeFiles/__idf_driver.dir/gptimer/gptimer.c.obj
[695/882] Building C object esp-idf/driver/CMakeFiles/__idf_driver.dir/mcpwm/mcpwm_sync.c.obj
[696/882] Building C object esp-idf/driver/CMakeFiles/__idf_driver.dir/deprecated/timer_legacy.c.obj
[697/882] Building C object esp-idf/driver/CMakeFiles/__idf_driver.dir/gpio/gpio.c.obj
[698/882] Building C object esp-idf/driver/CMakeFiles/__idf_driver.dir/mcpwm/mcpwm_cap.c.obj
[699/882] Building C object esp-idf/driver/CMakeFiles/__idf_driver.dir/i2s/i2s_pdm.c.obj
[700/882] Building C object esp-idf/driver/CMakeFiles/__idf_driver.dir/mcpwm/mcpwm_fault.c.obj
[701/882] Building C object esp-idf/driver/CMakeFiles/__idf_driver.dir/i2s/i2s_common.c.obj
[702/882] Building C object esp-idf/driver/CMakeFiles/__idf_driver.dir/mcpwm/mcpwm_gen.c.obj
[703/882] Building C object esp-idf/driver/CMakeFiles/__idf_driver.dir/rmt/rmt_common.c.obj
[704/882] Building C object esp-idf/driver/CMakeFiles/__idf_driver.dir/mcpwm/mcpwm_oper.c.obj
[705/882] Building C object esp-idf/driver/CMakeFiles/__idf_driver.dir/mcpwm/mcpwm_timer.c.obj
[706/882] Building C object esp-idf/driver/CMakeFiles/__idf_driver.dir/i2c/i2c.c.obj
[707/882] Building C object esp-idf/driver/CMakeFiles/__idf_driver.dir/rmt/rmt_encoder.c.obj
[708/882] Building C object esp-idf/driver/CMakeFiles/__idf_driver.dir/deprecated/i2s_legacy.c.obj
[709/882] Building C object esp-idf/driver/CMakeFiles/__idf_driver.dir/ledc/ledc.c.obj
[710/882] Building C object esp-idf/driver/CMakeFiles/__idf_driver.dir/rmt/rmt_rx.c.obj
[711/882] Building C object esp-idf/driver/CMakeFiles/__idf_driver.dir/deprecated/sigma_delta_legacy.c.obj
[712/882] Building C object esp-idf/driver/CMakeFiles/__idf_driver.dir/deprecated/pcnt_legacy.c.obj
[713/882] Building C object esp-idf/driver/CMakeFiles/__idf_driver.dir/pcnt/pulse_cnt.c.obj
[714/882] Building C object esp-idf/driver/CMakeFiles/__idf_driver.dir/spi/sdspi/sdspi_crc.c.obj
[715/882] Building C object esp-idf/driver/CMakeFiles/__idf_driver.dir/sdmmc/sdmmc_transaction.c.obj
[716/882] Building C object esp-idf/driver/CMakeFiles/__idf_driver.dir/rmt/rmt_tx.c.obj
[717/882] Building C object esp-idf/driver/CMakeFiles/__idf_driver.dir/sdmmc/sdmmc_host.c.obj
[718/882] Building C object esp-idf/driver/CMakeFiles/__idf_driver.dir/sigma_delta/sdm.c.obj
[719/882] Building C object esp-idf/driver/CMakeFiles/__idf_driver.dir/sdio_slave/sdio_slave.c.obj
[720/882] Building C object esp-idf/driver/CMakeFiles/__idf_driver.dir/spi/sdspi/sdspi_transaction.c.obj
[721/882] Building C object esp-idf/esp_pm/CMakeFiles/__idf_esp_pm.dir/pm_trace.c.obj
[722/882] Building C object esp-idf/driver/CMakeFiles/__idf_driver.dir/touch_sensor/touch_sensor_common.c.obj
[723/882] Building C object esp-idf/driver/CMakeFiles/__idf_driver.dir/spi/gpspi/spi_master.c.obj
[724/882] Building C object esp-idf/driver/CMakeFiles/__idf_driver.dir/deprecated/adc_i2s_deprecated.c.obj
[725/882] Building C object esp-idf/esp_pm/CMakeFiles/__idf_esp_pm.dir/pm_locks.c.obj
[726/882] Building C object esp-idf/driver/CMakeFiles/__idf_driver.dir/deprecated/mcpwm_legacy.c.obj
[727/882] Building C object esp-idf/driver/CMakeFiles/__idf_driver.dir/spi/sdspi/sdspi_host.c.obj
[728/882] Building C object esp-idf/driver/CMakeFiles/__idf_driver.dir/twai/twai.c.obj
[729/882] Building ASM object esp-idf/mbedtls/CMakeFiles/__idf_mbedtls.dir/__/__/x509_crt_bundle.S.obj
[730/882] Building C object esp-idf/app_trace/CMakeFiles/__idf_app_trace.dir/host_file_io.c.obj
[731/882] Building C object esp-idf/app_trace/CMakeFiles/__idf_app_trace.dir/app_trace_util.c.obj
[732/882] Building C object esp-idf/driver/CMakeFiles/__idf_driver.dir/spi/gpspi/spi_common.c.obj
[733/882] Building C object esp-idf/esp_pm/CMakeFiles/__idf_esp_pm.dir/pm_impl.c.obj
[734/882] Building C object esp-idf/driver/CMakeFiles/__idf_driver.dir/touch_sensor/esp32/touch_sensor.c.obj
[735/882] Building C object esp-idf/mbedtls/CMakeFiles/__idf_mbedtls.dir/esp_crt_bundle/esp_crt_bundle.c.obj
[736/882] Building C object esp-idf/app_trace/CMakeFiles/__idf_app_trace.dir/port/port_uart.c.obj
[737/882] Building C object esp-idf/driver/CMakeFiles/__idf_driver.dir/spi/gpspi/spi_slave.c.obj
[738/882] Building C object esp-idf/unity/CMakeFiles/__idf_unity.dir/unity_utils_freertos.c.obj
[739/882] Building C object esp-idf/app_trace/CMakeFiles/__idf_app_trace.dir/app_trace.c.obj
[740/882] Building C object esp-idf/driver/CMakeFiles/__idf_driver.dir/deprecated/rmt_legacy.c.obj
[741/882] Building C object esp-idf/unity/CMakeFiles/__idf_unity.dir/unity_utils_cache.c.obj
[742/882] Linking C static library esp-idf/mbedtls/libmbedtls.a
[743/882] Building C object esp-idf/unity/CMakeFiles/__idf_unity.dir/port/esp/unity_utils_memory_esp.c.obj
[744/882] Linking C static library esp-idf/esp_pm/libesp_pm.a
[745/882] Building C object esp-idf/unity/CMakeFiles/__idf_unity.dir/unity_port_esp32.c.obj
[746/882] Building C object esp-idf/unity/CMakeFiles/__idf_unity.dir/unity_runner.c.obj
[747/882] Building C object esp-idf/unity/CMakeFiles/__idf_unity.dir/unity_utils_memory.c.obj
[748/882] Building C object esp-idf/cmock/CMakeFiles/__idf_cmock.dir/CMock/src/cmock.c.obj
[749/882] Building C object esp-idf/console/CMakeFiles/__idf_console.dir/commands.c.obj
[750/882] Building C object esp-idf/console/CMakeFiles/__idf_console.dir/split_argv.c.obj
[751/882] Building C object esp-idf/console/CMakeFiles/__idf_console.dir/argtable3/arg_dbl.c.obj
[752/882] Building C object esp-idf/console/CMakeFiles/__idf_console.dir/argtable3/arg_cmd.c.obj
[753/882] Building C object esp-idf/console/CMakeFiles/__idf_console.dir/argtable3/arg_end.c.obj
[754/882] Building C object esp-idf/console/CMakeFiles/__idf_console.dir/esp_console_repl.c.obj
[755/882] Building C object esp-idf/console/CMakeFiles/__idf_console.dir/argtable3/arg_file.c.obj
[756/882] Building C object esp-idf/console/CMakeFiles/__idf_console.dir/argtable3/arg_rem.c.obj
[757/882] Building C object esp-idf/console/CMakeFiles/__idf_console.dir/argtable3/arg_lit.c.obj
[758/882] Building C object esp-idf/console/CMakeFiles/__idf_console.dir/argtable3/arg_int.c.obj
[759/882] Building C object esp-idf/console/CMakeFiles/__idf_console.dir/argtable3/arg_dstr.c.obj
[760/882] Building C object esp-idf/console/CMakeFiles/__idf_console.dir/argtable3/arg_date.c.obj
[761/882] Building C object esp-idf/console/CMakeFiles/__idf_console.dir/argtable3/arg_hashtable.c.obj
[762/882] Building C object esp-idf/unity/CMakeFiles/__idf_unity.dir/unity/src/unity.c.obj
[763/882] Building C object esp-idf/console/CMakeFiles/__idf_console.dir/argtable3/arg_str.c.obj
[764/882] Building C object esp-idf/esp_lcd/CMakeFiles/__idf_esp_lcd.dir/src/esp_lcd_panel_io.c.obj
[765/882] Building C object esp-idf/console/CMakeFiles/__idf_console.dir/argtable3/arg_utils.c.obj
[766/882] Building C object esp-idf/esp_lcd/CMakeFiles/__idf_esp_lcd.dir/src/esp_lcd_common.c.obj
[767/882] Building C object esp-idf/esp_hid/CMakeFiles/__idf_esp_hid.dir/src/esp_hidd.c.obj
[768/882] Building C object esp-idf/console/CMakeFiles/__idf_console.dir/linenoise/linenoise.c.obj
[769/882] Building C object esp-idf/esp_hid/CMakeFiles/__idf_esp_hid.dir/src/esp_hid_common.c.obj
[770/882] Building C object esp-idf/esp_lcd/CMakeFiles/__idf_esp_lcd.dir/src/esp_lcd_panel_ops.c.obj
[771/882] Building C object esp-idf/console/CMakeFiles/__idf_console.dir/argtable3/argtable3.c.obj
[772/882] Building C object esp-idf/esp_hid/CMakeFiles/__idf_esp_hid.dir/src/esp_hidh.c.obj
[773/882] Building C object esp-idf/esp_lcd/CMakeFiles/__idf_esp_lcd.dir/src/esp_lcd_panel_nt35510.c.obj
[774/882] Building C object esp-idf/esp_lcd/CMakeFiles/__idf_esp_lcd.dir/src/esp_lcd_panel_io_i2c.c.obj
[775/882] Building C object esp-idf/console/CMakeFiles/__idf_console.dir/argtable3/arg_rex.c.obj
[776/882] Building C object esp-idf/driver/CMakeFiles/__idf_driver.dir/uart/uart.c.obj
[777/882] Building C object esp-idf/esp_lcd/CMakeFiles/__idf_esp_lcd.dir/src/esp_lcd_panel_ssd1306.c.obj
[778/882] Building C object esp-idf/protocomm/CMakeFiles/__idf_protocomm.dir/proto-c/constants.pb-c.c.obj
[779/882] Building C object esp-idf/protocomm/CMakeFiles/__idf_protocomm.dir/src/common/protocomm.c.obj
[780/882] Building C object esp-idf/esp_lcd/CMakeFiles/__idf_esp_lcd.dir/src/esp_lcd_panel_io_spi.c.obj
[781/882] Building C object esp-idf/esp_lcd/CMakeFiles/__idf_esp_lcd.dir/src/esp_lcd_panel_st7789.c.obj
[782/882] Building C object esp-idf/protocomm/CMakeFiles/__idf_protocomm.dir/proto-c/session.pb-c.c.obj
[783/882] Building C object esp-idf/protocomm/CMakeFiles/__idf_protocomm.dir/proto-c/sec0.pb-c.c.obj
[784/882] Building C object esp-idf/protocomm/CMakeFiles/__idf_protocomm.dir/proto-c/sec2.pb-c.c.obj
[785/882] Linking C static library esp-idf/driver/libdriver.a
[786/882] Building C object esp-idf/protocomm/CMakeFiles/__idf_protocomm.dir/proto-c/sec1.pb-c.c.obj
[787/882] Building C object esp-idf/protocomm/CMakeFiles/__idf_protocomm.dir/src/transports/protocomm_console.c.obj
[788/882] Building C object esp-idf/protocomm/CMakeFiles/__idf_protocomm.dir/src/security/security0.c.obj
[789/882] Building C object esp-idf/esp_local_ctrl/CMakeFiles/__idf_esp_local_ctrl.dir/src/esp_local_ctrl.c.obj
[790/882] Linking C static library esp-idf/efuse/libefuse.a
[791/882] Linking C static library esp-idf/esp_ringbuf/libesp_ringbuf.a
[792/882] Building C object esp-idf/protocomm/CMakeFiles/__idf_protocomm.dir/src/crypto/srp6a/esp_srp_mpi.c.obj
[793/882] Building C object esp-idf/protocomm/CMakeFiles/__idf_protocomm.dir/src/transports/protocomm_httpd.c.obj
[794/882] Building C object esp-idf/esp_local_ctrl/CMakeFiles/__idf_esp_local_ctrl.dir/src/esp_local_ctrl_handler.c.obj
[795/882] Building C object esp-idf/espcoredump/CMakeFiles/__idf_espcoredump.dir/src/core_dump_common.c.obj
[796/882] Building C object esp-idf/espcoredump/CMakeFiles/__idf_espcoredump.dir/src/core_dump_checksum.c.obj
[797/882] Building C object esp-idf/protocomm/CMakeFiles/__idf_protocomm.dir/src/security/security1.c.obj
[798/882] Linking C static library esp-idf/xtensa/libxtensa.a
[799/882] Building C object esp-idf/esp_lcd/CMakeFiles/__idf_esp_lcd.dir/src/esp_lcd_panel_io_i2s.c.obj
[800/882] Building C object esp-idf/esp_local_ctrl/CMakeFiles/__idf_esp_local_ctrl.dir/src/esp_local_ctrl_transport_httpd.c.obj
[801/882] Building C object esp-idf/protocomm/CMakeFiles/__idf_protocomm.dir/src/security/security2.c.obj
[802/882] Building C object esp-idf/protocomm/CMakeFiles/__idf_protocomm.dir/src/crypto/srp6a/esp_srp.c.obj
[803/882] Linking C static library esp-idf/app_trace/libapp_trace.a
[804/882] Building CXX object esp-idf/wear_levelling/CMakeFiles/__idf_wear_levelling.dir/Partition.cpp.obj
[805/882] Linking C static library esp-idf/unity/libunity.a
[806/882] Linking C static library esp-idf/esp_lcd/libesp_lcd.a
[807/882] Linking C static library esp-idf/console/libconsole.a
[808/882] Linking C static library esp-idf/esp_hid/libesp_hid.a
[809/882] Linking C static library esp-idf/cmock/libcmock.a
[810/882] Building C object esp-idf/espcoredump/CMakeFiles/__idf_espcoredump.dir/src/core_dump_elf.c.obj
[811/882] Building CXX object esp-idf/wear_levelling/CMakeFiles/__idf_wear_levelling.dir/crc32.cpp.obj
[812/882] Building C object esp-idf/esp_local_ctrl/CMakeFiles/__idf_esp_local_ctrl.dir/proto-c/esp_local_ctrl.pb-c.c.obj
[813/882] Building C object esp-idf/espcoredump/CMakeFiles/__idf_espcoredump.dir/src/core_dump_binary.c.obj
[814/882] Building C object esp-idf/espcoredump/CMakeFiles/__idf_espcoredump.dir/src/port/xtensa/core_dump_port.c.obj
[815/882] Building C object esp-idf/espcoredump/CMakeFiles/__idf_espcoredump.dir/src/core_dump_flash.c.obj
[816/882] Building C object esp-idf/espcoredump/CMakeFiles/__idf_espcoredump.dir/src/core_dump_uart.c.obj
[817/882] Building CXX object esp-idf/wear_levelling/CMakeFiles/__idf_wear_levelling.dir/wear_levelling.cpp.obj
[818/882] Building CXX object esp-idf/wear_levelling/CMakeFiles/__idf_wear_levelling.dir/SPI_Flash.cpp.obj
[819/882] Building CXX object esp-idf/wear_levelling/CMakeFiles/__idf_wear_levelling.dir/WL_Ext_Perf.cpp.obj
[820/882] Linking C static library esp-idf/espcoredump/libespcoredump.a
[821/882] Building CXX object esp-idf/wear_levelling/CMakeFiles/__idf_wear_levelling.dir/WL_Ext_Safe.cpp.obj
[822/882] Building C object esp-idf/sdmmc/CMakeFiles/__idf_sdmmc.dir/sdmmc_init.c.obj
[823/882] Building C object esp-idf/fatfs/CMakeFiles/__idf_fatfs.dir/diskio/diskio.c.obj
[824/882] Building C object esp-idf/fatfs/CMakeFiles/__idf_fatfs.dir/diskio/diskio_rawflash.c.obj
[825/882] Building C object esp-idf/sdmmc/CMakeFiles/__idf_sdmmc.dir/sdmmc_mmc.c.obj
[826/882] Building C object esp-idf/sdmmc/CMakeFiles/__idf_sdmmc.dir/sdmmc_common.c.obj
[827/882] Building C object esp-idf/fatfs/CMakeFiles/__idf_fatfs.dir/diskio/diskio_sdmmc.c.obj
[828/882] Building C object esp-idf/fatfs/CMakeFiles/__idf_fatfs.dir/port/freertos/ffsystem.c.obj
[829/882] Building C object esp-idf/fatfs/CMakeFiles/__idf_fatfs.dir/diskio/diskio_wl.c.obj
[830/882] Building C object esp-idf/sdmmc/CMakeFiles/__idf_sdmmc.dir/sdmmc_sd.c.obj
[831/882] Building C object esp-idf/sdmmc/CMakeFiles/__idf_sdmmc.dir/sdmmc_cmd.c.obj
[832/882] Building C object esp-idf/sdmmc/CMakeFiles/__idf_sdmmc.dir/sdmmc_io.c.obj
[833/882] Building C object esp-idf/protobuf-c/CMakeFiles/__idf_protobuf-c.dir/protobuf-c/protobuf-c/protobuf-c.c.obj
[834/882] Building C object esp-idf/fatfs/CMakeFiles/__idf_fatfs.dir/src/ffunicode.c.obj
[835/882] Linking C static library esp-idf/sdmmc/libsdmmc.a
[836/882] Linking C static library esp-idf/protobuf-c/libprotobuf-c.a
[837/882] Building CXX object esp-idf/wear_levelling/CMakeFiles/__idf_wear_levelling.dir/WL_Flash.cpp.obj
[838/882] Building C object esp-idf/mqtt/CMakeFiles/__idf_mqtt.dir/esp-mqtt/lib/platform_esp32_idf.c.obj
[839/882] Linking C static library esp-idf/wear_levelling/libwear_levelling.a
[840/882] Linking C static library esp-idf/protocomm/libprotocomm.a
[841/882] Building C object esp-idf/perfmon/CMakeFiles/__idf_perfmon.dir/xtensa_perfmon_access.c.obj
[842/882] Building C object esp-idf/perfmon/CMakeFiles/__idf_perfmon.dir/xtensa_perfmon_masks.c.obj
[843/882] Building C object esp-idf/perfmon/CMakeFiles/__idf_perfmon.dir/xtensa_perfmon_apis.c.obj
[844/882] Linking C static library esp-idf/esp_local_ctrl/libesp_local_ctrl.a
[845/882] Building C object esp-idf/mqtt/CMakeFiles/__idf_mqtt.dir/esp-mqtt/lib/mqtt_outbox.c.obj
[846/882] Building C object esp-idf/fatfs/CMakeFiles/__idf_fatfs.dir/vfs/vfs_fat_spiflash.c.obj
[847/882] Building C object esp-idf/fatfs/CMakeFiles/__idf_fatfs.dir/vfs/vfs_fat_sdmmc.c.obj
[848/882] Linking C static library esp-idf/perfmon/libperfmon.a
[849/882] Building C object esp-idf/mqtt/CMakeFiles/__idf_mqtt.dir/esp-mqtt/lib/mqtt_msg.c.obj
[850/882] Building C object esp-idf/spiffs/CMakeFiles/__idf_spiffs.dir/spiffs_api.c.obj
[851/882] Building C object esp-idf/json/CMakeFiles/__idf_json.dir/cJSON/cJSON_Utils.c.obj
[852/882] Building C object esp-idf/fatfs/CMakeFiles/__idf_fatfs.dir/vfs/vfs_fat.c.obj
[853/882] Building C object esp-idf/spiffs/CMakeFiles/__idf_spiffs.dir/spiffs/src/spiffs_cache.c.obj
[854/882] Building C object esp-idf/wifi_provisioning/CMakeFiles/__idf_wifi_provisioning.dir/src/wifi_config.c.obj
[855/882] Building C object esp-idf/spiffs/CMakeFiles/__idf_spiffs.dir/spiffs/src/spiffs_gc.c.obj
[856/882] Building C object esp-idf/wifi_provisioning/CMakeFiles/__idf_wifi_provisioning.dir/src/wifi_ctrl.c.obj
[857/882] Building C object esp-idf/wifi_provisioning/CMakeFiles/__idf_wifi_provisioning.dir/src/handlers.c.obj
[858/882] Building C object esp-idf/wifi_provisioning/CMakeFiles/__idf_wifi_provisioning.dir/src/scheme_console.c.obj
[859/882] Building C object esp-idf/wifi_provisioning/CMakeFiles/__idf_wifi_provisioning.dir/src/wifi_scan.c.obj
[860/882] Building C object esp-idf/spiffs/CMakeFiles/__idf_spiffs.dir/spiffs/src/spiffs_check.c.obj
[861/882] Building C object esp-idf/fatfs/CMakeFiles/__idf_fatfs.dir/src/ff.c.obj
[862/882] Building C object esp-idf/wifi_provisioning/CMakeFiles/__idf_wifi_provisioning.dir/proto-c/wifi_constants.pb-c.c.obj
[863/882] Building C object esp-idf/json/CMakeFiles/__idf_json.dir/cJSON/cJSON.c.obj
[864/882] Building C object esp-idf/spiffs/CMakeFiles/__idf_spiffs.dir/esp_spiffs.c.obj
[865/882] Linking C static library esp-idf/json/libjson.a
[866/882] Building C object esp-idf/wifi_provisioning/CMakeFiles/__idf_wifi_provisioning.dir/proto-c/wifi_config.pb-c.c.obj
[867/882] Linking C static library esp-idf/fatfs/libfatfs.a
[868/882] Building C object esp-idf/wifi_provisioning/CMakeFiles/__idf_wifi_provisioning.dir/proto-c/wifi_ctrl.pb-c.c.obj
[869/882] Building C object esp-idf/spiffs/CMakeFiles/__idf_spiffs.dir/spiffs/src/spiffs_hydrogen.c.obj
[870/882] Building C object esp-idf/wifi_provisioning/CMakeFiles/__idf_wifi_provisioning.dir/proto-c/wifi_scan.pb-c.c.obj
[871/882] Building C object esp-idf/wifi_provisioning/CMakeFiles/__idf_wifi_provisioning.dir/src/scheme_softap.c.obj
[872/882] Building C object esp-idf/mqtt/CMakeFiles/__idf_mqtt.dir/esp-mqtt/mqtt_client.c.obj
[873/882] Linking C static library esp-idf/mqtt/libmqtt.a
[874/882] Building C object esp-idf/wifi_provisioning/CMakeFiles/__idf_wifi_provisioning.dir/src/manager.c.obj
[875/882] Building C object esp-idf/spiffs/CMakeFiles/__idf_spiffs.dir/spiffs/src/spiffs_nucleus.c.obj
[876/882] Linking C static library esp-idf/wifi_provisioning/libwifi_provisioning.a
[877/882] Linking C static library esp-idf/spiffs/libspiffs.a
[878/882] Generating ld/sections.ld
[879/882] Building C object CMakeFiles/microros_esp32_app.elf.dir/project_elf_src_esp32.c.obj
[880/882] Linking CXX executable microros_esp32_app.elf
FAILED: microros_esp32_app.elf 
: && /root/.espressif/tools/xtensa-esp32-elf/esp-12.2.0_20230208/xtensa-esp32-elf/bin/xtensa-esp32-elf-g++ -mlongcalls -Wno-frame-address -Wl,--cref -Wl,--defsym=IDF_TARGET_ESP32=0 -Wl,--Map=/workspace/microros_esp32_app/build/microros_esp32_app.map -Wl,--no-warn-rwx-segments -fno-rtti -fno-lto -Wl,--gc-sections -Wl,--warn-common -T esp32.peripherals.ld -T esp32.rom.ld -T esp32.rom.api.ld -T esp32.rom.libgcc.ld -T esp32.rom.newlib-data.ld -T esp32.rom.syscalls.ld -T esp32.rom.newlib-funcs.ld -T memory.ld -T sections.ld CMakeFiles/microros_esp32_app.elf.dir/project_elf_src_esp32.c.obj -o microros_esp32_app.elf -L/opt/esp-idf/components/soc/esp32/ld   -L/opt/esp-idf/components/esp_rom/esp32/ld   -L/workspace/microros_esp32_app/build/esp-idf/esp_system/ld   -L/opt/esp-idf/components/esp_phy/lib/esp32   -L/opt/esp-idf/components/esp_wifi/lib/esp32 esp-idf/xtensa/libxtensa.a  esp-idf/esp_ringbuf/libesp_ringbuf.a  esp-idf/efuse/libefuse.a  esp-idf/driver/libdriver.a  esp-idf/esp_pm/libesp_pm.a  esp-idf/mbedtls/libmbedtls.a  esp-idf/esp_app_format/libesp_app_format.a  esp-idf/bootloader_support/libbootloader_support.a  esp-idf/esp_partition/libesp_partition.a  esp-idf/app_update/libapp_update.a  esp-idf/esp_mm/libesp_mm.a  esp-idf/spi_flash/libspi_flash.a  esp-idf/pthread/libpthread.a  esp-idf/esp_system/libesp_system.a  esp-idf/esp_rom/libesp_rom.a  esp-idf/hal/libhal.a  esp-idf/log/liblog.a  esp-idf/heap/libheap.a  esp-idf/soc/libsoc.a  esp-idf/esp_hw_support/libesp_hw_support.a  esp-idf/freertos/libfreertos.a  esp-idf/newlib/libnewlib.a  esp-idf/cxx/libcxx.a  esp-idf/esp_common/libesp_common.a  esp-idf/esp_timer/libesp_timer.a  esp-idf/app_trace/libapp_trace.a  esp-idf/esp_event/libesp_event.a  esp-idf/nvs_flash/libnvs_flash.a  esp-idf/esp_phy/libesp_phy.a  esp-idf/vfs/libvfs.a  esp-idf/lwip/liblwip.a  esp-idf/esp_netif/libesp_netif.a  esp-idf/wpa_supplicant/libwpa_supplicant.a  esp-idf/esp_coex/libesp_coex.a  esp-idf/esp_wifi/libesp_wifi.a  esp-idf/unity/libunity.a  esp-idf/cmock/libcmock.a  esp-idf/console/libconsole.a  esp-idf/http_parser/libhttp_parser.a  esp-idf/esp-tls/libesp-tls.a  esp-idf/esp_adc/libesp_adc.a  esp-idf/esp_eth/libesp_eth.a  esp-idf/esp_gdbstub/libesp_gdbstub.a  esp-idf/esp_hid/libesp_hid.a  esp-idf/tcp_transport/libtcp_transport.a  esp-idf/esp_http_client/libesp_http_client.a  esp-idf/esp_http_server/libesp_http_server.a  esp-idf/esp_https_ota/libesp_https_ota.a  esp-idf/esp_lcd/libesp_lcd.a  esp-idf/protobuf-c/libprotobuf-c.a  esp-idf/protocomm/libprotocomm.a  esp-idf/esp_local_ctrl/libesp_local_ctrl.a  esp-idf/espcoredump/libespcoredump.a  esp-idf/wear_levelling/libwear_levelling.a  esp-idf/sdmmc/libsdmmc.a  esp-idf/fatfs/libfatfs.a  esp-idf/json/libjson.a  esp-idf/mqtt/libmqtt.a  esp-idf/perfmon/libperfmon.a  esp-idf/spiffs/libspiffs.a  esp-idf/wifi_provisioning/libwifi_provisioning.a  esp-idf/app_trace/libapp_trace.a  esp-idf/unity/libunity.a  esp-idf/wear_levelling/libwear_levelling.a  esp-idf/sdmmc/libsdmmc.a  esp-idf/protocomm/libprotocomm.a  esp-idf/console/libconsole.a  esp-idf/protobuf-c/libprotobuf-c.a  esp-idf/json/libjson.a  esp-idf/xtensa/libxtensa.a  esp-idf/esp_ringbuf/libesp_ringbuf.a  esp-idf/efuse/libefuse.a  esp-idf/driver/libdriver.a  esp-idf/esp_pm/libesp_pm.a  esp-idf/mbedtls/libmbedtls.a  esp-idf/esp_app_format/libesp_app_format.a  esp-idf/bootloader_support/libbootloader_support.a  esp-idf/esp_partition/libesp_partition.a  esp-idf/app_update/libapp_update.a  esp-idf/esp_mm/libesp_mm.a  esp-idf/spi_flash/libspi_flash.a  esp-idf/pthread/libpthread.a  esp-idf/esp_system/libesp_system.a  esp-idf/esp_rom/libesp_rom.a  esp-idf/hal/libhal.a  esp-idf/log/liblog.a  esp-idf/heap/libheap.a  esp-idf/soc/libsoc.a  esp-idf/esp_hw_support/libesp_hw_support.a  esp-idf/freertos/libfreertos.a  esp-idf/newlib/libnewlib.a  esp-idf/cxx/libcxx.a  esp-idf/esp_common/libesp_common.a  esp-idf/esp_timer/libesp_timer.a  esp-idf/esp_event/libesp_event.a  esp-idf/nvs_flash/libnvs_flash.a  esp-idf/esp_phy/libesp_phy.a  esp-idf/vfs/libvfs.a  esp-idf/lwip/liblwip.a  esp-idf/esp_netif/libesp_netif.a  esp-idf/wpa_supplicant/libwpa_supplicant.a  esp-idf/esp_coex/libesp_coex.a  esp-idf/esp_wifi/libesp_wifi.a  esp-idf/http_parser/libhttp_parser.a  esp-idf/esp-tls/libesp-tls.a  esp-idf/esp_adc/libesp_adc.a  esp-idf/esp_eth/libesp_eth.a  esp-idf/esp_gdbstub/libesp_gdbstub.a  esp-idf/tcp_transport/libtcp_transport.a  esp-idf/esp_http_client/libesp_http_client.a  esp-idf/esp_http_server/libesp_http_server.a  esp-idf/esp_https_ota/libesp_https_ota.a  esp-idf/mbedtls/mbedtls/library/libmbedtls.a  esp-idf/mbedtls/mbedtls/library/libmbedcrypto.a  esp-idf/mbedtls/mbedtls/library/libmbedx509.a  /opt/esp-idf/components/esp_wifi/lib/esp32/libcore.a  /opt/esp-idf/components/esp_wifi/lib/esp32/libespnow.a  /opt/esp-idf/components/esp_wifi/lib/esp32/libmesh.a  /opt/esp-idf/components/esp_wifi/lib/esp32/libnet80211.a  /opt/esp-idf/components/esp_wifi/lib/esp32/libpp.a  /opt/esp-idf/components/esp_wifi/lib/esp32/libsmartconfig.a  /opt/esp-idf/components/esp_wifi/lib/esp32/libwapi.a  esp-idf/xtensa/libxtensa.a  esp-idf/esp_ringbuf/libesp_ringbuf.a  esp-idf/efuse/libefuse.a  esp-idf/driver/libdriver.a  esp-idf/esp_pm/libesp_pm.a  esp-idf/mbedtls/libmbedtls.a  esp-idf/esp_app_format/libesp_app_format.a  esp-idf/bootloader_support/libbootloader_support.a  esp-idf/esp_partition/libesp_partition.a  esp-idf/app_update/libapp_update.a  esp-idf/esp_mm/libesp_mm.a  esp-idf/spi_flash/libspi_flash.a  esp-idf/pthread/libpthread.a  esp-idf/esp_system/libesp_system.a  esp-idf/esp_rom/libesp_rom.a  esp-idf/hal/libhal.a  esp-idf/log/liblog.a  esp-idf/heap/libheap.a  esp-idf/soc/libsoc.a  esp-idf/esp_hw_support/libesp_hw_support.a  esp-idf/freertos/libfreertos.a  esp-idf/newlib/libnewlib.a  esp-idf/cxx/libcxx.a  esp-idf/esp_common/libesp_common.a  esp-idf/esp_timer/libesp_timer.a  esp-idf/esp_event/libesp_event.a  esp-idf/nvs_flash/libnvs_flash.a  esp-idf/esp_phy/libesp_phy.a  esp-idf/vfs/libvfs.a  esp-idf/lwip/liblwip.a  esp-idf/esp_netif/libesp_netif.a  esp-idf/wpa_supplicant/libwpa_supplicant.a  esp-idf/esp_coex/libesp_coex.a  esp-idf/esp_wifi/libesp_wifi.a  esp-idf/http_parser/libhttp_parser.a  esp-idf/esp-tls/libesp-tls.a  esp-idf/esp_adc/libesp_adc.a  esp-idf/esp_eth/libesp_eth.a  esp-idf/esp_gdbstub/libesp_gdbstub.a  esp-idf/tcp_transport/libtcp_transport.a  esp-idf/esp_http_client/libesp_http_client.a  esp-idf/esp_http_server/libesp_http_server.a  esp-idf/esp_https_ota/libesp_https_ota.a  esp-idf/mbedtls/mbedtls/library/libmbedtls.a  esp-idf/mbedtls/mbedtls/library/libmbedcrypto.a  esp-idf/mbedtls/mbedtls/library/libmbedx509.a  /opt/esp-idf/components/esp_wifi/lib/esp32/libcore.a  /opt/esp-idf/components/esp_wifi/lib/esp32/libespnow.a  /opt/esp-idf/components/esp_wifi/lib/esp32/libmesh.a  /opt/esp-idf/components/esp_wifi/lib/esp32/libnet80211.a  /opt/esp-idf/components/esp_wifi/lib/esp32/libpp.a  /opt/esp-idf/components/esp_wifi/lib/esp32/libsmartconfig.a  /opt/esp-idf/components/esp_wifi/lib/esp32/libwapi.a  esp-idf/xtensa/libxtensa.a  esp-idf/esp_ringbuf/libesp_ringbuf.a  esp-idf/efuse/libefuse.a  esp-idf/driver/libdriver.a  esp-idf/esp_pm/libesp_pm.a  esp-idf/mbedtls/libmbedtls.a  esp-idf/esp_app_format/libesp_app_format.a  esp-idf/bootloader_support/libbootloader_support.a  esp-idf/esp_partition/libesp_partition.a  esp-idf/app_update/libapp_update.a  esp-idf/esp_mm/libesp_mm.a  esp-idf/spi_flash/libspi_flash.a  esp-idf/pthread/libpthread.a  esp-idf/esp_system/libesp_system.a  esp-idf/esp_rom/libesp_rom.a  esp-idf/hal/libhal.a  esp-idf/log/liblog.a  esp-idf/heap/libheap.a  esp-idf/soc/libsoc.a  esp-idf/esp_hw_support/libesp_hw_support.a  esp-idf/freertos/libfreertos.a  esp-idf/newlib/libnewlib.a  esp-idf/cxx/libcxx.a  esp-idf/esp_common/libesp_common.a  esp-idf/esp_timer/libesp_timer.a  esp-idf/esp_event/libesp_event.a  esp-idf/nvs_flash/libnvs_flash.a  esp-idf/esp_phy/libesp_phy.a  esp-idf/vfs/libvfs.a  esp-idf/lwip/liblwip.a  esp-idf/esp_netif/libesp_netif.a  esp-idf/wpa_supplicant/libwpa_supplicant.a  esp-idf/esp_coex/libesp_coex.a  esp-idf/esp_wifi/libesp_wifi.a  esp-idf/http_parser/libhttp_parser.a  esp-idf/esp-tls/libesp-tls.a  esp-idf/esp_adc/libesp_adc.a  esp-idf/esp_eth/libesp_eth.a  esp-idf/esp_gdbstub/libesp_gdbstub.a  esp-idf/tcp_transport/libtcp_transport.a  esp-idf/esp_http_client/libesp_http_client.a  esp-idf/esp_http_server/libesp_http_server.a  esp-idf/esp_https_ota/libesp_https_ota.a  esp-idf/mbedtls/mbedtls/library/libmbedtls.a  esp-idf/mbedtls/mbedtls/library/libmbedcrypto.a  esp-idf/mbedtls/mbedtls/library/libmbedx509.a  /opt/esp-idf/components/esp_wifi/lib/esp32/libcore.a  /opt/esp-idf/components/esp_wifi/lib/esp32/libespnow.a  /opt/esp-idf/components/esp_wifi/lib/esp32/libmesh.a  /opt/esp-idf/components/esp_wifi/lib/esp32/libnet80211.a  /opt/esp-idf/components/esp_wifi/lib/esp32/libpp.a  /opt/esp-idf/components/esp_wifi/lib/esp32/libsmartconfig.a  /opt/esp-idf/components/esp_wifi/lib/esp32/libwapi.a  esp-idf/xtensa/libxtensa.a  esp-idf/esp_ringbuf/libesp_ringbuf.a  esp-idf/efuse/libefuse.a  esp-idf/driver/libdriver.a  esp-idf/esp_pm/libesp_pm.a  esp-idf/mbedtls/libmbedtls.a  esp-idf/esp_app_format/libesp_app_format.a  esp-idf/bootloader_support/libbootloader_support.a  esp-idf/esp_partition/libesp_partition.a  esp-idf/app_update/libapp_update.a  esp-idf/esp_mm/libesp_mm.a  esp-idf/spi_flash/libspi_flash.a  esp-idf/pthread/libpthread.a  esp-idf/esp_system/libesp_system.a  esp-idf/esp_rom/libesp_rom.a  esp-idf/hal/libhal.a  esp-idf/log/liblog.a  esp-idf/heap/libheap.a  esp-idf/soc/libsoc.a  esp-idf/esp_hw_support/libesp_hw_support.a  esp-idf/freertos/libfreertos.a  esp-idf/newlib/libnewlib.a  esp-idf/cxx/libcxx.a  esp-idf/esp_common/libesp_common.a  esp-idf/esp_timer/libesp_timer.a  esp-idf/esp_event/libesp_event.a  esp-idf/nvs_flash/libnvs_flash.a  esp-idf/esp_phy/libesp_phy.a  esp-idf/vfs/libvfs.a  esp-idf/lwip/liblwip.a  esp-idf/esp_netif/libesp_netif.a  esp-idf/wpa_supplicant/libwpa_supplicant.a  esp-idf/esp_coex/libesp_coex.a  esp-idf/esp_wifi/libesp_wifi.a  esp-idf/http_parser/libhttp_parser.a  esp-idf/esp-tls/libesp-tls.a  esp-idf/esp_adc/libesp_adc.a  esp-idf/esp_eth/libesp_eth.a  esp-idf/esp_gdbstub/libesp_gdbstub.a  esp-idf/tcp_transport/libtcp_transport.a  esp-idf/esp_http_client/libesp_http_client.a  esp-idf/esp_http_server/libesp_http_server.a  esp-idf/esp_https_ota/libesp_https_ota.a  esp-idf/mbedtls/mbedtls/library/libmbedtls.a  esp-idf/mbedtls/mbedtls/library/libmbedcrypto.a  esp-idf/mbedtls/mbedtls/library/libmbedx509.a  /opt/esp-idf/components/esp_wifi/lib/esp32/libcore.a  /opt/esp-idf/components/esp_wifi/lib/esp32/libespnow.a  /opt/esp-idf/components/esp_wifi/lib/esp32/libmesh.a  /opt/esp-idf/components/esp_wifi/lib/esp32/libnet80211.a  /opt/esp-idf/components/esp_wifi/lib/esp32/libpp.a  /opt/esp-idf/components/esp_wifi/lib/esp32/libsmartconfig.a  /opt/esp-idf/components/esp_wifi/lib/esp32/libwapi.a  esp-idf/xtensa/libxtensa.a  esp-idf/esp_ringbuf/libesp_ringbuf.a  esp-idf/efuse/libefuse.a  esp-idf/driver/libdriver.a  esp-idf/esp_pm/libesp_pm.a  esp-idf/mbedtls/libmbedtls.a  esp-idf/esp_app_format/libesp_app_format.a  esp-idf/bootloader_support/libbootloader_support.a  esp-idf/esp_partition/libesp_partition.a  esp-idf/app_update/libapp_update.a  esp-idf/esp_mm/libesp_mm.a  esp-idf/spi_flash/libspi_flash.a  esp-idf/pthread/libpthread.a  esp-idf/esp_system/libesp_system.a  esp-idf/esp_rom/libesp_rom.a  esp-idf/hal/libhal.a  esp-idf/log/liblog.a  esp-idf/heap/libheap.a  esp-idf/soc/libsoc.a  esp-idf/esp_hw_support/libesp_hw_support.a  esp-idf/freertos/libfreertos.a  esp-idf/newlib/libnewlib.a  esp-idf/cxx/libcxx.a  esp-idf/esp_common/libesp_common.a  esp-idf/esp_timer/libesp_timer.a  esp-idf/esp_event/libesp_event.a  esp-idf/nvs_flash/libnvs_flash.a  esp-idf/esp_phy/libesp_phy.a  esp-idf/vfs/libvfs.a  esp-idf/lwip/liblwip.a  esp-idf/esp_netif/libesp_netif.a  esp-idf/wpa_supplicant/libwpa_supplicant.a  esp-idf/esp_coex/libesp_coex.a  esp-idf/esp_wifi/libesp_wifi.a  esp-idf/http_parser/libhttp_parser.a  esp-idf/esp-tls/libesp-tls.a  esp-idf/esp_adc/libesp_adc.a  esp-idf/esp_eth/libesp_eth.a  esp-idf/esp_gdbstub/libesp_gdbstub.a  esp-idf/tcp_transport/libtcp_transport.a  esp-idf/esp_http_client/libesp_http_client.a  esp-idf/esp_http_server/libesp_http_server.a  esp-idf/esp_https_ota/libesp_https_ota.a  esp-idf/mbedtls/mbedtls/library/libmbedtls.a  esp-idf/mbedtls/mbedtls/library/libmbedcrypto.a  esp-idf/mbedtls/mbedtls/library/libmbedx509.a  /opt/esp-idf/components/esp_wifi/lib/esp32/libcore.a  /opt/esp-idf/components/esp_wifi/lib/esp32/libespnow.a  /opt/esp-idf/components/esp_wifi/lib/esp32/libmesh.a  /opt/esp-idf/components/esp_wifi/lib/esp32/libnet80211.a  /opt/esp-idf/components/esp_wifi/lib/esp32/libpp.a  /opt/esp-idf/components/esp_wifi/lib/esp32/libsmartconfig.a  /opt/esp-idf/components/esp_wifi/lib/esp32/libwapi.a  /opt/esp-idf/components/xtensa/esp32/libxt_hal.a  -u esp_app_desc  -u pthread_include_pthread_impl  -u pthread_include_pthread_cond_impl  -u pthread_include_pthread_local_storage_impl  -u pthread_include_pthread_rwlock_impl  -u pthread_include_pthread_semaphore_impl  -u ld_include_highint_hdl  -u start_app  -u start_app_other_cores  -u __ubsan_include  -Wl,--wrap=longjmp  -u __assert_func  -u esp_dport_access_reg_read  -Wl,--undefined=uxTopUsedPriority  -Wl,--undefined=FreeRTOS_openocd_params  -u app_main  -lc  -lm  esp-idf/newlib/libnewlib.a  -u newlib_include_heap_impl  -u newlib_include_syscalls_impl  -u newlib_include_pthread_impl  -u newlib_include_assert_impl  -Wl,--wrap=_Unwind_SetEnableExceptionFdeSorting  -Wl,--wrap=__register_frame_info_bases  -Wl,--wrap=__register_frame_info  -Wl,--wrap=__register_frame  -Wl,--wrap=__register_frame_info_table_bases  -Wl,--wrap=__register_frame_info_table  -Wl,--wrap=__register_frame_table  -Wl,--wrap=__deregister_frame_info_bases  -Wl,--wrap=__deregister_frame_info  -Wl,--wrap=_Unwind_Find_FDE  -Wl,--wrap=_Unwind_GetGR  -Wl,--wrap=_Unwind_GetCFA  -Wl,--wrap=_Unwind_GetIP  -Wl,--wrap=_Unwind_GetIPInfo  -Wl,--wrap=_Unwind_GetRegionStart  -Wl,--wrap=_Unwind_GetDataRelBase  -Wl,--wrap=_Unwind_GetTextRelBase  -Wl,--wrap=_Unwind_SetIP  -Wl,--wrap=_Unwind_SetGR  -Wl,--wrap=_Unwind_GetLanguageSpecificData  -Wl,--wrap=_Unwind_FindEnclosingFunction  -Wl,--wrap=_Unwind_Resume  -Wl,--wrap=_Unwind_RaiseException  -Wl,--wrap=_Unwind_DeleteException  -Wl,--wrap=_Unwind_ForcedUnwind  -Wl,--wrap=_Unwind_Resume_or_Rethrow  -Wl,--wrap=_Unwind_Backtrace  -Wl,--wrap=__cxa_call_unexpected  -Wl,--wrap=__gxx_personality_v0  -u __cxa_guard_dummy  -lstdc++  esp-idf/pthread/libpthread.a  -lgcc  esp-idf/cxx/libcxx.a  -u __cxx_fatal_exception  -u include_esp_phy_override  -lphy  -lrtc  esp-idf/esp_phy/libesp_phy.a  -lphy  -lrtc  esp-idf/esp_phy/libesp_phy.a  -lphy  -lrtc  -u vfs_include_syscalls_impl && :
/root/.espressif/tools/xtensa-esp32-elf/esp-12.2.0_20230208/xtensa-esp32-elf/bin/../lib/gcc/xtensa-esp32-elf/12.2.0/../../../../xtensa-esp32-elf/bin/ld: esp-idf/freertos/libfreertos.a(app_startup.c.obj):(.literal.main_task+0x24): undefined reference to `app_main'
/root/.espressif/tools/xtensa-esp32-elf/esp-12.2.0_20230208/xtensa-esp32-elf/bin/../lib/gcc/xtensa-esp32-elf/12.2.0/../../../../xtensa-esp32-elf/bin/ld: esp-idf/freertos/libfreertos.a(app_startup.c.obj): in function `main_task':
/opt/esp-idf/components/freertos/app_startup.c:206: undefined reference to `app_main'
collect2: error: ld returned 1 exit status
ninja: build stopped: subcommand failed.
ninja failed with exit code 1, output of the command is in the /workspace/microros_esp32_app/build/log/idf_py_stderr_output_20678 and /workspace/microros_esp32_app/build/log/idf_py_stdout_output_20678
